Component: Arm Compiler for Embedded 6.22 Tool: armlink [5ee90200]

==============================================================================

Section Cross References

    tft.o(.ARM.exidx.text.delay_ms) refers to tft.o(.text.delay_ms) for [Anonymous Symbol]
    tft.o(.text.TFT_WriteCommand) refers to tft.o(.text.GPIO_ResetBits) for GPIO_ResetBits
    tft.o(.text.TFT_WriteCommand) refers to spi.o(.text.SPI1_Transmit) for SPI1_Transmit
    tft.o(.text.TFT_WriteCommand) refers to tft.o(.text.GPIO_SetBits) for GPIO_SetBits
    tft.o(.ARM.exidx.text.TFT_WriteCommand) refers to tft.o(.text.TFT_WriteCommand) for [Anonymous Symbol]
    tft.o(.ARM.exidx.text.GPIO_ResetBits) refers to tft.o(.text.GPIO_ResetBits) for [Anonymous Symbol]
    tft.o(.ARM.exidx.text.GPIO_SetBits) refers to tft.o(.text.GPIO_SetBits) for [Anonymous Symbol]
    tft.o(.text.TFT_WriteData) refers to tft.o(.text.GPIO_SetBits) for GPIO_SetBits
    tft.o(.text.TFT_WriteData) refers to tft.o(.text.GPIO_ResetBits) for GPIO_ResetBits
    tft.o(.text.TFT_WriteData) refers to spi.o(.text.SPI1_Transmit) for SPI1_Transmit
    tft.o(.ARM.exidx.text.TFT_WriteData) refers to tft.o(.text.TFT_WriteData) for [Anonymous Symbol]
    tft.o(.text.TFT_Reset) refers to tft.o(.text.GPIO_SetBits) for GPIO_SetBits
    tft.o(.text.TFT_Reset) refers to tft.o(.text.delay_ms) for delay_ms
    tft.o(.text.TFT_Reset) refers to tft.o(.text.GPIO_ResetBits) for GPIO_ResetBits
    tft.o(.ARM.exidx.text.TFT_Reset) refers to tft.o(.text.TFT_Reset) for [Anonymous Symbol]
    tft.o(.text.TFT_SetAddressWindow) refers to tft.o(.text.TFT_WriteCommand) for TFT_WriteCommand
    tft.o(.text.TFT_SetAddressWindow) refers to tft.o(.text.TFT_WriteData) for TFT_WriteData
    tft.o(.ARM.exidx.text.TFT_SetAddressWindow) refers to tft.o(.text.TFT_SetAddressWindow) for [Anonymous Symbol]
    tft.o(.text.TFT_Init) refers to spi.o(.text.SPI1_Init) for SPI1_Init
    tft.o(.text.TFT_Init) refers to tft.o(.text.GPIO_SetMode) for GPIO_SetMode
    tft.o(.text.TFT_Init) refers to tft.o(.text.TFT_Reset) for TFT_Reset
    tft.o(.text.TFT_Init) refers to tft.o(.text.TFT_WriteCommand) for TFT_WriteCommand
    tft.o(.text.TFT_Init) refers to tft.o(.text.TFT_WriteData) for TFT_WriteData
    tft.o(.text.TFT_Init) refers to tft.o(.text.delay_ms) for delay_ms
    tft.o(.ARM.exidx.text.TFT_Init) refers to tft.o(.text.TFT_Init) for [Anonymous Symbol]
    tft.o(.ARM.exidx.text.GPIO_SetMode) refers to tft.o(.text.GPIO_SetMode) for [Anonymous Symbol]
    tft.o(.text.TFT_DrawPixel) refers to tft.o(.text.TFT_SetAddressWindow) for TFT_SetAddressWindow
    tft.o(.text.TFT_DrawPixel) refers to tft.o(.text.TFT_WriteData) for TFT_WriteData
    tft.o(.ARM.exidx.text.TFT_DrawPixel) refers to tft.o(.text.TFT_DrawPixel) for [Anonymous Symbol]
    tft.o(.text.TFT_FillScreen) refers to tft.o(.text.TFT_SetAddressWindow) for TFT_SetAddressWindow
    tft.o(.text.TFT_FillScreen) refers to tft.o(.text.TFT_WriteData) for TFT_WriteData
    tft.o(.ARM.exidx.text.TFT_FillScreen) refers to tft.o(.text.TFT_FillScreen) for [Anonymous Symbol]
    tft.o(.text.TFT_DrawChar) refers to tft.o(.rodata.font5x7) for font5x7
    tft.o(.text.TFT_DrawChar) refers to tft.o(.text.TFT_DrawPixel) for TFT_DrawPixel
    tft.o(.ARM.exidx.text.TFT_DrawChar) refers to tft.o(.text.TFT_DrawChar) for [Anonymous Symbol]
    tft.o(.text.TFT_DrawString) refers to tft.o(.text.TFT_DrawChar) for TFT_DrawChar
    tft.o(.ARM.exidx.text.TFT_DrawString) refers to tft.o(.text.TFT_DrawString) for [Anonymous Symbol]
    tft.o(.text.TFT_FillRect) refers to tft.o(.text.TFT_SetAddressWindow) for TFT_SetAddressWindow
    tft.o(.text.TFT_FillRect) refers to tft.o(.text.TFT_WriteData) for TFT_WriteData
    tft.o(.ARM.exidx.text.TFT_FillRect) refers to tft.o(.text.TFT_FillRect) for [Anonymous Symbol]
    tft.o(.text.clearString) refers to strlen.o(.text) for strlen
    tft.o(.text.clearString) refers to tft.o(.text.TFT_FillRect) for TFT_FillRect
    tft.o(.ARM.exidx.text.clearString) refers to tft.o(.text.clearString) for [Anonymous Symbol]
    lib.o(.text.cleanString) refers to strlen.o(.text) for strlen
    lib.o(.ARM.exidx.text.cleanString) refers to lib.o(.text.cleanString) for [Anonymous Symbol]
    lib.o(.ARM.exidx.text.clearCharArray) refers to lib.o(.text.clearCharArray) for [Anonymous Symbol]
    rcc.o(.text.RCC_GetSysClk) refers to rcc.o(.rodata.RCC_GetSysClk.PLLMULFactorTable) for RCC_GetSysClk.PLLMULFactorTable
    rcc.o(.ARM.exidx.text.RCC_GetSysClk) refers to rcc.o(.text.RCC_GetSysClk) for [Anonymous Symbol]
    rcc.o(.text.RCC_GetHClk) refers to rcc.o(.text.RCC_GetSysClk) for RCC_GetSysClk
    rcc.o(.text.RCC_GetHClk) refers to rcc.o(.rodata.AHBpreFactorTable) for AHBpreFactorTable
    rcc.o(.ARM.exidx.text.RCC_GetHClk) refers to rcc.o(.text.RCC_GetHClk) for [Anonymous Symbol]
    rcc.o(.text.RCC_GetAbp1Clk) refers to rcc.o(.text.RCC_GetHClk) for RCC_GetHClk
    rcc.o(.text.RCC_GetAbp1Clk) refers to rcc.o(.rodata.APBpreFactorTable) for APBpreFactorTable
[...]
    ../clib/signal.c                         0x00000000   Number         0  defsig_fpe_inner.o ABSOLUTE
    ../clib/signal.c                         0x00000000   Number         0  defsig_rtred_inner.o ABSOLUTE
    ../clib/signal.c                         0x00000000   Number         0  defsig_stak_inner.o ABSOLUTE
    ../clib/signal.c                         0x00000000   Number         0  defsig_pvfn_inner.o ABSOLUTE
    ../clib/signal.c                         0x00000000   Number         0  defsig_cppl_inner.o ABSOLUTE
    ../clib/signal.c                         0x00000000   Number         0  defsig_segv_inner.o ABSOLUTE
    ../clib/signal.c                         0x00000000   Number         0  defsig_other.o ABSOLUTE
    ../clib/signal.s                         0x00000000   Number         0  defsig.o ABSOLUTE
    ../clib/stdlib.c                         0x00000000   Number         0  exit.o ABSOLUTE
    ../clib/string.c                         0x00000000   Number         0  strlen.o ABSOLUTE
    ../fplib/daddsub.s                       0x00000000   Number         0  daddsub_clz.o ABSOLUTE
    ../fplib/ddiv.s                          0x00000000   Number         0  ddiv.o ABSOLUTE
    ../fplib/dfixu.s                         0x00000000   Number         0  dfixu.o ABSOLUTE
    ../fplib/dflt.s                          0x00000000   Number         0  dflt_clz.o ABSOLUTE
    ../fplib/dmul.s                          0x00000000   Number         0  dmul.o ABSOLUTE
    ../fplib/dnaninf.s                       0x00000000   Number         0  dnaninf.o ABSOLUTE
    ../fplib/dretinf.s                       0x00000000   Number         0  dretinf.o ABSOLUTE
    ../fplib/fdiv.s                          0x00000000   Number         0  fdiv.o ABSOLUTE
    ../fplib/ffixu.s                         0x00000000   Number         0  ffixu.o ABSOLUTE
    ../fplib/fflt.s                          0x00000000   Number         0  fflt_clz.o ABSOLUTE
    ../fplib/fmul.s                          0x00000000   Number         0  fmul.o ABSOLUTE
    ../fplib/fnaninf.s                       0x00000000   Number         0  fnaninf.o ABSOLUTE
    ../fplib/fpinit.s                        0x00000000   Number         0  fpinit.o ABSOLUTE
    ../fplib/fpinit_empty.s                  0x00000000   Number         0  fpinit_empty.o ABSOLUTE
    ../fplib/fretinf.s                       0x00000000   Number         0  fretinf.o ABSOLUTE
    ../fplib/istatus.s                       0x00000000   Number         0  istatus.o ABSOLUTE
    ../fplib/printf1.s                       0x00000000   Number         0  printf1.o ABSOLUTE
    ../fplib/printf2.s                       0x00000000   Number         0  printf2.o ABSOLUTE
    ../fplib/printf2a.s                      0x00000000   Number         0  printf2a.o ABSOLUTE
    ../fplib/printf2b.s                      0x00000000   Number         0  printf2b.o ABSOLUTE
    ../fplib/usenofp.s                       0x00000000   Number         0  usenofp.o ABSOLUTE
    ../mathlib/fpclassify.c                  0x00000000   Number         0  fpclassify.o ABSOLUTE
    RCC.c                                    0x00000000   Number         0  rcc.o ABSOLUTE
    RTE/Device/STM32F103C8/startup_stm32f10x_md.s 0x00000000   Number         0  startup_stm32f10x_md.o ABSOLUTE
    SPI.c                                    0x00000000   Number         0  spi.o ABSOLUTE
    TFT.c                                    0x00000000   Number         0  tft.o ABSOLUTE
    Timer.c                                  0x00000000   Number         0  timer.o ABSOLUTE
    USART.c                                  0x00000000   Number         0  usart.o ABSOLUTE
    button.c                                 0x00000000   Number         0  button.o ABSOLUTE
    control.c                                0x00000000   Number         0  control.o ABSOLUTE
    dc.s                                     0x00000000   Number         0  dc.o ABSOLUTE
    lib.c                                    0x00000000   Number         0  lib.o ABSOLUTE
    main.c                                   0x00000000   Number         0  main.o ABSOLUTE
    system_stm32f10x.c                       0x00000000   Number         0  system_stm32f10x.o ABSOLUTE
    RESET                                    0x08000000   Section      236  startup_stm32f10x_md.o(RESET)
    !!!main                                  0x080000ec   Section        8  __main.o(!!!main)
    !!!scatter                               0x080000f4   Section       92  __scatter.o(!!!scatter)
    !!handler_copy                           0x08000150   Section       26  __scatter_copy.o(!!handler_copy)
    !!handler_null                           0x0800016c   Section        2  __scatter.o(!!handler_null)
    !!handler_zi                             0x08000170   Section       28  __scatter_zi.o(!!handler_zi)
    .ARM.Collect$$_printf_percent$$00000000  0x0800018c   Section        0  _printf_percent.o(.ARM.Collect$$_printf_percent$$00000000)
    .ARM.Collect$$_printf_percent$$00000001  0x0800018c   Section        6  _printf_n.o(.ARM.Collect$$_printf_percent$$00000001)
    .ARM.Collect$$_printf_percent$$00000002  0x08000192   Section        6  _printf_p.o(.ARM.Collect$$_printf_percent$$00000002)
    .ARM.Collect$$_printf_percent$$00000003  0x08000198   Section        6  _printf_f.o(.ARM.Collect$$_printf_percent$$00000003)
    .ARM.Collect$$_printf_percent$$00000004  0x0800019e   Section        6  _printf_e.o(.ARM.Collect$$_printf_percent$$00000004)
    .ARM.Collect$$_printf_percent$$00000005  0x080001a4   Section        6  _printf_g.o(.ARM.Collect$$_printf_percent$$00000005)
    .ARM.Collect$$_printf_percent$$00000006  0x080001aa   Section        6  _printf_a.o(.ARM.Collect$$_printf_percent$$00000006)
    .ARM.Collect$$_printf_percent$$00000007  0x080001b0   Section       10  _printf_ll.o(.ARM.Collect$$_printf_percent$$00000007)
    .ARM.Collect$$_printf_percent$$00000008  0x080001ba   Section        6  _printf_i.o(.ARM.Collect$$_printf_percent$$00000008)
    .ARM.Collect$$_printf_percent$$00000009  0x080001c0   Section        6  _printf_d.o(.ARM.Collect$$_printf_percent$$00000009)
    .ARM.Collect$$_printf_percent$$0000000A  0x080001c6   Section        6  _printf_u.o(.ARM.Collect$$_printf_percent$$0000000A)
    .ARM.Collect$$_printf_percent$$0000000B  0x080001cc   Section        6  _printf_o.o(.ARM.Collect$$_printf_percent$$0000000B)
    .ARM.Collect$$_printf_percent$$0000000C  0x080001d2   Section        6  _printf_x.o(.ARM.Collect$$_printf_percent$$0000000C)
    .ARM.Collect$$_printf_percent$$0000000D  0x080001d8   Section        6  _printf_lli.o(.ARM.Collect$$_printf_percent$$0000000D)
    .ARM.Collect$$_printf_percent$$0000000E  0x080001de   Section        6  _printf_lld.o(.ARM.Collect$$_printf_percent$$0000000E)
    .ARM.Collect$$_printf_percent$$0000000F  0x080001e4   Section        6  _printf_llu.o(.ARM.Collect$$_printf_percent$$0000000F)
    .ARM.Collect$$_printf_percent$$00000010  0x080001ea   Section        6  _printf_llo.o(.ARM.Collect$$_printf_percent$$00000010)
    .ARM.Collect$$_printf_percent$$00000011  0x080001f0   Section        6  _printf_llx.o(.ARM.Collect$$_printf_percent$$00000011)
    .ARM.Collect$$_printf_percent$$00000012  0x080001f6   Section       10  _printf_l.o(.ARM.Collect$$_printf_percent$$00000012)
    .ARM.Collect$$_printf_percent$$00000013  0x08000200   Section        6  _printf_c.o(.ARM.Collect$$_printf_percent$$00000013)
    .ARM.Collect$$_printf_percent$$00000014  0x08000206   Section        6  _printf_s.o(.ARM.Collect$$_printf_percent$$00000014)
    .ARM.Collect$$_printf_percent$$00000015  0x0800020c   Section        6  _printf_lc.o(.ARM.Collect$$_printf_percent$$00000015)
    .ARM.Collect$$_printf_percent$$00000016  0x08000212   Section        6  _printf_ls.o(.ARM.Collect$$_printf_percent$$00000016)
    .ARM.Collect$$_printf_percent$$00000017  0x08000218   Section        4  _printf_percent_end.o(.ARM.Collect$$_printf_percent$$00000017)
    .ARM.Collect$$libinit$$00000000          0x0800021c   Section        2  libinit.o(.ARM.Collect$$libinit$$00000000)
    .ARM.Collect$$libinit$$00000002          0x0800021e   Section        0  libinit2.o(.ARM.Collect$$libinit$$00000002)
    .ARM.Collect$$libinit$$00000004          0x0800021e   Section        0  libinit2.o(.ARM.Collect$$libinit$$00000004)
    .ARM.Collect$$libinit$$00000006          0x0800021e   Section        0  libinit2.o(.ARM.Collect$$libinit$$00000006)
    .ARM.Collect$$libinit$$0000000C          0x0800021e   Section        0  libinit2.o(.ARM.Collect$$libinit$$0000000C)
    .ARM.Collect$$libinit$$0000000E          0x0800021e   Section        0  libinit2.o(.ARM.Collect$$libinit$$0000000E)
    .ARM.Collect$$libinit$$00000010          0x0800021e   Section        0  libinit2.o(.ARM.Collect$$libinit$$00000010)
    .ARM.Collect$$libinit$$00000011          0x0800021e   Section        6  libinit2.o(.ARM.Collect$$libinit$$00000011)
    .ARM.Collect$$libinit$$00000013          0x08000224   Section        0  libinit2.o(.ARM.Collect$$libinit$$00000013)
    .ARM.Collect$$libinit$$00000014          0x08000224   Section       12  libinit2.o(.ARM.Collect$$libinit$$00000014)
    .ARM.Collect$$libinit$$00000015          0x08000230   Section        0  libinit2.o(.ARM.Collect$$libinit$$00000015)
    .ARM.Collect$$libinit$$00000017          0x08000230   Section        0  libinit2.o(.ARM.Collect$$libinit$$00000017)
    .ARM.Collect$$libinit$$00000018          0x08000230   Section       10  libinit2.o(.ARM.Collect$$libinit$$00000018)
    .ARM.Collect$$libinit$$00000019          0x0800023a   Section        0  libinit2.o(.ARM.Collect$$libinit$$00000019)
    .ARM.Collect$$libinit$$0000001B          0x0800023a   Section        0  libinit2.o(.ARM.Collect$$libinit$$0000001B)
    .ARM.Collect$$libinit$$0000001D          0x0800023a   Section        0  libinit2.o(.ARM.Collect$$libinit$$0000001D)
    .ARM.Collect$$libinit$$0000001F          0x0800023a   Section        0  libinit2.o(.ARM.Collect$$libinit$$0000001F)
    .ARM.Collect$$libinit$$00000021          0x0800023a   Section        0  libinit2.o(.ARM.Collect$$libinit$$00000021)
    .ARM.Collect$$libinit$$00000023          0x0800023a   Section        0  libinit2.o(.ARM.Collect$$libinit$$00000023)
    .ARM.Collect$$libinit$$00000025          0x0800023a   Section        0  libinit2.o(.ARM.Collect$$libinit$$00000025)
    .ARM.Collect$$libinit$$00000027          0x0800023a   Section        0  libinit2.o(.ARM.Collect$$libinit$$00000027)
    .ARM.Collect$$libinit$$0000002E          0x0800023a   Section        0  libinit2.o(.ARM.Collect$$libinit$$0000002E)
    .ARM.Collect$$libinit$$00000030          0x0800023a   Section        0  libinit2.o(.ARM.Collect$$libinit$$00000030)
    .ARM.Collect$$libinit$$00000032          0x0800023a   Section        0  libinit2.o(.ARM.Collect$$libinit$$00000032)
    .ARM.Collect$$libinit$$00000034          0x0800023a   Section        0  libinit2.o(.ARM.Collect$$libinit$$00000034)
    .ARM.Collect$$libinit$$00000035          0x0800023a   Section        2  libinit2.o(.ARM.Collect$$libinit$$00000035)
    .ARM.Collect$$libshutdown$$00000000      0x0800023c   Section        2  libshutdown.o(.ARM.Collect$$libshutdown$$00000000)
    .ARM.Collect$$libshutdown$$00000002      0x0800023e   Section        0  libshutdown2.o(.ARM.Collect$$libshutdown$$00000002)
    .ARM.Collect$$libshutdown$$00000004      0x0800023e   Section        0  libshutdown2.o(.ARM.Collect$$libshutdown$$00000004)
    .ARM.Collect$$libshutdown$$00000007      0x0800023e   Section        0  libshutdown2.o(.ARM.Collect$$libshutdown$$00000007)
    .ARM.Collect$$libshutdown$$0000000A      0x0800023e   Section        0  libshutdown2.o(.ARM.Collect$$libshutdown$$0000000A)
    .ARM.Collect$$libshutdown$$0000000C      0x0800023e   Section        0  libshutdown2.o(.ARM.Collect$$libshutdown$$0000000C)
    .ARM.Collect$$libshutdown$$0000000F      0x0800023e   Section        0  libshutdown2.o(.ARM.Collect$$libshutdown$$0000000F)
    .ARM.Collect$$libshutdown$$00000010      0x0800023e   Section        2  libshutdown2.o(.ARM.Collect$$libshutdown$$00000010)
    .ARM.Collect$$rtentry$$00000000          0x08000240   Section        0  __rtentry.o(.ARM.Collect$$rtentry$$00000000)
    .ARM.Collect$$rtentry$$00000002          0x08000240   Section        0  __rtentry2.o(.ARM.Collect$$rtentry$$00000002)
    .ARM.Collect$$rtentry$$00000004          0x08000240   Section        6  __rtentry4.o(.ARM.Collect$$rtentry$$00000004)
    .ARM.Collect$$rtentry$$00000009          0x08000246   Section        0  __rtentry2.o(.ARM.Collect$$rtentry$$00000009)
    .ARM.Collect$$rtentry$$0000000A          0x08000246   Section        4  __rtentry2.o(.ARM.Collect$$rtentry$$0000000A)
    .ARM.Collect$$rtentry$$0000000C          0x0800024a   Section        0  __rtentry2.o(.ARM.Collect$$rtentry$$0000000C)
    .ARM.Collect$$rtentry$$0000000D          0x0800024a   Section        8  __rtentry2.o(.ARM.Collect$$rtentry$$0000000D)
    .ARM.Collect$$rtexit$$00000000           0x08000252   Section        2  rtexit.o(.ARM.Collect$$rtexit$$00000000)
    .ARM.Collect$$rtexit$$00000002           0x08000254   Section        0  rtexit2.o(.ARM.Collect$$rtexit$$00000002)
    .ARM.Collect$$rtexit$$00000003           0x08000254   Section        4  rtexit2.o(.ARM.Collect$$rtexit$$00000003)
    .ARM.Collect$$rtexit$$00000004           0x08000258   Section        6  rtexit2.o(.ARM.Collect$$rtexit$$00000004)
    .text                                    0x08000260   Section       64  startup_stm32f10x_md.o(.text)
    .text                                    0x080002a0   Section        0  sprintf.o(.text)
    .text                                    0x080002cc   Section        0  strlen.o(.text)
    .text                                    0x0800030a   Section        0  heapauxi.o(.text)
    .text                                    0x08000310   Section        0  _printf_pad.o(.text)
    .text                                    0x0800035e   Section        0  _printf_truncate.o(.text)
    .text                                    0x08000382   Section        0  _printf_str.o(.text)
    .text                                    0x080003d4   Section        0  _printf_dec.o(.text)
    .text                                    0x0800044c   Section        0  _printf_charcount.o(.text)
    _printf_input_char                       0x08000475   Thumb Code    10  _printf_char_common.o(.text)
    .text                                    0x08000474   Section        0  _printf_char_common.o(.text)
    .text                                    0x080004a4   Section        0  _sputc.o(.text)
    .text                                    0x080004b0   Section        0  _printf_wctomb.o(.text)
    .text                                    0x0800056c   Section        0  _printf_longlong_dec.o(.text)
    _printf_longlong_oct_internal            0x080005e9   Thumb Code     0  _printf_oct_int_ll.o(.text)
    .text                                    0x080005e8   Section        0  _printf_oct_int_ll.o(.text)
    _printf_hex_common                       0x08000659   Thumb Code     0  _printf_hex_int_ll_ptr.o(.text)
    .text                                    0x08000658   Section        0  _printf_hex_int_ll_ptr.o(.text)
    .text                                    0x080006ec   Section        0  __printf_flags_ss_wp.o(.text)
    .text                                    0x08000874   Section      138  lludiv10.o(.text)
    .text                                    0x080008fe   Section        0  _printf_intcommon.o(.text)
    _fp_digits                               0x080009b1   Thumb Code   432  _printf_fp_dec.o(.text)
    .text                                    0x080009b0   Section        0  _printf_fp_dec.o(.text)
    .text                                    0x08000dcc   Section        0  _printf_fp_hex.o(.text)
    .text                                    0x080010c8   Section        0  _printf_char.o(.text)
    .text                                    0x080010f4   Section        0  _printf_wchar.o(.text)
    .text                                    0x08001120   Section        0  _c16rtomb.o(.text)
    .text                                    0x08001168   Section       74  sys_stackheap_outer.o(.text)
    .text                                    0x080011b4   Section       16  rt_ctype_table.o(.text)
    .text                                    0x080011c4   Section        8  rt_locale_intlibspace.o(.text)
    .text                                    0x080011cc   Section        0  _printf_fp_infnan.o(.text)
    .text                                    0x0800124c   Section        0  bigflt0.o(.text)
    .text                                    0x08001330   Section        0  exit.o(.text)
    .text                                    0x08001344   Section        8  libspace.o(.text)
    .text                                    0x0800134c   Section      128  strcmpv7m.o(.text)
    .text                                    0x080013cc   Section        0  sys_exit.o(.text)
    .text                                    0x080013d8   Section        2  use_no_semi.o(.text)
    .text                                    0x080013da   Section        0  indicate_semi.o(.text)
    [Anonymous Symbol]                       0x080013dc   Section        0  button.o(.text.Button_Init)
    [Anonymous Symbol]                       0x080014c0   Section        0  button.o(.text.EXTI0_IRQHandler)
    [Anonymous Symbol]                       0x08001520   Section        0  button.o(.text.EXTI15_10_IRQHandler)
    [Anonymous Symbol]                       0x080015d8   Section        0  button.o(.text.EXTI1_IRQHandler)
    GPIO_ResetBits                           0x0800163d   Thumb Code    18  tft.o(.text.GPIO_ResetBits)
    [Anonymous Symbol]                       0x0800163c   Section        0  tft.o(.text.GPIO_ResetBits)
    GPIO_SetBits                             0x08001651   Thumb Code    16  tft.o(.text.GPIO_SetBits)
    [Anonymous Symbol]                       0x08001650   Section        0  tft.o(.text.GPIO_SetBits)
    GPIO_SetMode                             0x08001661   Thumb Code   134  tft.o(.text.GPIO_SetMode)
    [Anonymous Symbol]                       0x08001660   Section        0  tft.o(.text.GPIO_SetMode)
    GPIO_SetMode                             0x080016e9   Thumb Code   134  spi.o(.text.GPIO_SetMode)
    [Anonymous Symbol]                       0x080016e8   Section        0  spi.o(.text.GPIO_SetMode)
    GPIO_SetMode                             0x08001771   Thumb Code   134  button.o(.text.GPIO_SetMode)
    [Anonymous Symbol]                       0x08001770   Section        0  button.o(.text.GPIO_SetMode)
    [Anonymous Symbol]                       0x080017f8   Section        0  rcc.o(.text.RCC_GetAbp1Clk)
    [Anonymous Symbol]                       0x0800181c   Section        0  rcc.o(.text.RCC_GetAbp2Clk)
    [Anonymous Symbol]                       0x08001840   Section        0  rcc.o(.text.RCC_GetHClk)
    [Anonymous Symbol]                       0x08001868   Section        0  rcc.o(.text.RCC_GetSysClk)
    [Anonymous Symbol]                       0x0800195c   Section        0  spi.o(.text.SPI1_Init)
    [Anonymous Symbol]                       0x080019d8   Section        0  spi.o(.text.SPI1_Transmit)
    SetSysClock                              0x08001a35   Thumb Code     8  system_stm32f10x.o(.text.SetSysClock)
    [Anonymous Symbol]                       0x08001a34   Section        0  system_stm32f10x.o(.text.SetSysClock)
    SetSysClockTo72                          0x08001a3d   Thumb Code   290  system_stm32f10x.o(.text.SetSysClockTo72)
    [Anonymous Symbol]                       0x08001a3c   Section        0  system_stm32f10x.o(.text.SetSysClockTo72)
    SysTick_Config                           0x08001b61   Thumb Code    82  button.o(.text.SysTick_Config)
    [Anonymous Symbol]                       0x08001b60   Section        0  button.o(.text.SysTick_Config)
    [Anonymous Symbol]                       0x08001bb4   Section        0  button.o(.text.SysTick_Handler)
    [Anonymous Symbol]                       0x08001bc4   Section        0  system_stm32f10x.o(.text.SystemInit)
    [Anonymous Symbol]                       0x08001c2c   Section        0  button.o(.text.Systick_Init)
    [Anonymous Symbol]                       0x08001c50   Section        0  tft.o(.text.TFT_DrawChar)
    [Anonymous Symbol]                       0x08001d78   Section        0  tft.o(.text.TFT_DrawPixel)
    [Anonymous Symbol]                       0x08001ddc   Section        0  tft.o(.text.TFT_DrawString)
    [Anonymous Symbol]                       0x08001e6c   Section        0  tft.o(.text.TFT_FillRect)
    [Anonymous Symbol]                       0x08001f3c   Section        0  tft.o(.text.TFT_FillScreen)
    [Anonymous Symbol]                       0x08001f84   Section        0  tft.o(.text.TFT_Init)
    [Anonymous Symbol]                       0x08002084   Section        0  tft.o(.text.TFT_Reset)
    [Anonymous Symbol]                       0x080020c4   Section        0  tft.o(.text.TFT_SetAddressWindow)
    [Anonymous Symbol]                       0x08002130   Section        0  tft.o(.text.TFT_WriteCommand)
    [Anonymous Symbol]                       0x08002168   Section        0  tft.o(.text.TFT_WriteData)
    [Anonymous Symbol]                       0x080021a0   Section        0  timer.o(.text.TIM_Init)
    [Anonymous Symbol]                       0x08002288   Section        0  timer.o(.text.TIM_OC1_PWMM1_Init)
    [Anonymous Symbol]                       0x08002334   Section        0  timer.o(.text.TIM_ResetCNT)
    __NVIC_EnableIRQ                         0x0800234d   Thumb Code    48  button.o(.text.__NVIC_EnableIRQ)
    [Anonymous Symbol]                       0x0800234c   Section        0  button.o(.text.__NVIC_EnableIRQ)
    __NVIC_SetPriority                       0x0800237d   Thumb Code    66  button.o(.text.__NVIC_SetPriority)
    [Anonymous Symbol]                       0x0800237c   Section        0  button.o(.text.__NVIC_SetPriority)
    [Anonymous Symbol]                       0x080023c0   Section        0  main.o(.text.clearCString)
    [Anonymous Symbol]                       0x080023ec   Section        0  tft.o(.text.clearString)
    [Anonymous Symbol]                       0x0800244c   Section        0  control.o(.text.decreaseDuty)
    [Anonymous Symbol]                       0x08002494   Section        0  control.o(.text.decreaseFreq)
    [Anonymous Symbol]                       0x080024b8   Section        0  tft.o(.text.delay_ms)
    [Anonymous Symbol]                       0x080024e0   Section        0  main.o(.text.display)
    [Anonymous Symbol]                       0x080025a4   Section        0  control.o(.text.increaseDuty)
    [Anonymous Symbol]                       0x080025ec   Section        0  main.o(.text.main)
    CL$$btod_d2e                             0x0800260e   Section       62  btod.o(CL$$btod_d2e)
    CL$$btod_d2e_denorm_low                  0x0800264c   Section       70  btod.o(CL$$btod_d2e_denorm_low)
    CL$$btod_d2e_norm_op1                    0x08002692   Section       96  btod.o(CL$$btod_d2e_norm_op1)
    CL$$btod_div_common                      0x080026f4   Section      824  btod.o(CL$$btod_div_common)
    CL$$btod_e2e                             0x08002a2c   Section      220  btod.o(CL$$btod_e2e)
    CL$$btod_ediv                            0x08002b08   Section       42  btod.o(CL$$btod_ediv)
    CL$$btod_emul                            0x08002b32   Section       42  btod.o(CL$$btod_emul)
    CL$$btod_mult_common                     0x08002b5c   Section      580  btod.o(CL$$btod_mult_common)
    i.__ARM_fpclassify                       0x08002da0   Section        0  fpclassify.o(i.__ARM_fpclassify)
    i._is_digit                              0x08002dc8   Section        0  __printf_wp.o(i._is_digit)
    locale$$code                             0x08002dd8   Section       44  lc_numeric_c.o(locale$$code)
    locale$$code                             0x08002e04   Section       44  lc_ctype_c.o(locale$$code)
    _fdiv1                                   0x08002e31   Thumb Code     0  fdiv.o(x$fpl$fdiv)
    x$fpl$fdiv                               0x08002e30   Section      388  fdiv.o(x$fpl$fdiv)
    x$fpl$ffixu                              0x08002fb4   Section       62  ffixu.o(x$fpl$ffixu)
    x$fpl$fflt                               0x08002ff4   Section       48  fflt_clz.o(x$fpl$fflt)
    x$fpl$ffltu                              0x08003024   Section       38  fflt_clz.o(x$fpl$ffltu)
    x$fpl$fmul                               0x0800304c   Section      258  fmul.o(x$fpl$fmul)
    x$fpl$fnaninf                            0x0800314e   Section      140  fnaninf.o(x$fpl$fnaninf)
    x$fpl$fretinf                            0x080031da   Section       10  fretinf.o(x$fpl$fretinf)
    x$fpl$printf1                            0x080031e4   Section        4  printf1.o(x$fpl$printf1)
    x$fpl$printf2                            0x080031e8   Section        4  printf2.o(x$fpl$printf2)
    initial_mbstate                          0x080031ec   Data           8  _printf_wctomb.o(.constdata)
    .constdata                               0x080031ec   Section        8  _printf_wctomb.o(.constdata)
    x$fpl$usenofp                            0x080031ec   Section        0  usenofp.o(x$fpl$usenofp)
    uc_hextab                                0x080031f4   Data          20  _printf_hex_int_ll_ptr.o(.constdata)
    .constdata                               0x080031f4   Section       40  _printf_hex_int_ll_ptr.o(.constdata)
    lc_hextab                                0x08003208   Data          20  _printf_hex_int_ll_ptr.o(.constdata)
    maptable                                 0x0800321c   Data          17  __printf_flags_ss_wp.o(.constdata)
    .constdata                               0x0800321c   Section       17  __printf_flags_ss_wp.o(.constdata)
    lc_hextab                                0x0800322d   Data          19  _printf_fp_hex.o(.constdata)
    .constdata                               0x0800322d   Section       38  _printf_fp_hex.o(.constdata)
    uc_hextab                                0x08003240   Data          19  _printf_fp_hex.o(.constdata)
    tenpwrs_x                                0x08003254   Data          60  bigflt0.o(.constdata)
    .constdata                               0x08003254   Section      148  bigflt0.o(.constdata)
    tenpwrs_i                                0x08003290   Data          64  bigflt0.o(.constdata)
    AHBpreFactorTable                        0x080032e8   Data          32  rcc.o(.rodata.AHBpreFactorTable)
    [Anonymous Symbol]                       0x080032e8   Section        0  rcc.o(.rodata.AHBpreFactorTable)
    APBpreFactorTable                        0x08003308   Data           8  rcc.o(.rodata.APBpreFactorTable)
    [Anonymous Symbol]                       0x08003308   Section        0  rcc.o(.rodata.APBpreFactorTable)
    RCC_GetSysClk.PLLMULFactorTable          0x08003310   Data          16  rcc.o(.rodata.RCC_GetSysClk.PLLMULFactorTable)
    [Anonymous Symbol]                       0x08003310   Section        0  rcc.o(.rodata.RCC_GetSysClk.PLLMULFactorTable)
    .L.str                                   0x080034fb   Data           7  main.o(.rodata.str1.1)
    [Anonymous Symbol]                       0x080034fb   Section        0  main.o(.rodata.str1.1)
    .L.str.1                                 0x08003502   Data           7  main.o(.rodata.str1.1)
    .L.str.2                                 0x08003509   Data           3  main.o(.rodata.str1.1)
    locale$$data                             0x0800352c   Section       28  lc_numeric_c.o(locale$$data)
    __lcnum_c_name                           0x08003530   Data           2  lc_numeric_c.o(locale$$data)
    __lcnum_c_start                          0x08003538   Data           0  lc_numeric_c.o(locale$$data)
    __lcnum_c_point                          0x08003544   Data           0  lc_numeric_c.o(locale$$data)
    __lcnum_c_thousands                      0x08003546   Data           0  lc_numeric_c.o(locale$$data)
    __lcnum_c_grouping                       0x08003547   Data           0  lc_numeric_c.o(locale$$data)
    __lcnum_c_end                            0x08003548   Data           0  lc_numeric_c.o(locale$$data)
    locale$$data                             0x08003548   Section      272  lc_ctype_c.o(locale$$data)
    __lcctype_c_name                         0x0800354c   Data           2  lc_ctype_c.o(locale$$data)
    __lcctype_c_start                        0x08003554   Data           0  lc_ctype_c.o(locale$$data)
    __lcctype_c_end                          0x08003658   Data           0  lc_ctype_c.o(locale$$data)
    .bss                                     0x20000008   Section       96  libspace.o(.bss)
    last_press_pb0                           0x20000068   Data           4  button.o(.bss.last_press_pb0)
    [Anonymous Symbol]                       0x20000068   Section        0  button.o(.bss.last_press_pb0)
    last_press_pb1                           0x2000006c   Data           4  button.o(.bss.last_press_pb1)
    [Anonymous Symbol]                       0x2000006c   Section        0  button.o(.bss.last_press_pb1)
    last_press_pb10                          0x20000070   Data           4  button.o(.bss.last_press_pb10)
    [Anonymous Symbol]                       0x20000070   Section        0  button.o(.bss.last_press_pb10)
    last_press_pb11                          0x20000074   Data           4  button.o(.bss.last_press_pb11)
    [Anonymous Symbol]                       0x20000074   Section        0  button.o(.bss.last_press_pb11)
    Heap_Mem                                 0x20000080   Data         512  startup_stm32f10x_md.o(HEAP)
    HEAP                                     0x20000080   Section      512  startup_stm32f10x_md.o(HEAP)
    Stack_Mem                                0x20000280   Data        1024  startup_stm32f10x_md.o(STACK)
    STACK                                    0x20000280   Section     1024  startup_stm32f10x_md.o(STACK)
    __initial_sp                             0x20000680   Data           0  startup_stm32f10x_md.o(STACK)

    Global Symbols

    Symbol Name                              Value     Ov Type        Size  Object(Section)

    BuildAttributes$$THM_ISAv4$P$D$K$B$S$PE$A:L22UL41UL21$X:L11$S22US41US21$IEEE1$IW$~IW$USESV6$~STKCKD$USESV7$~SHL$OTIME$ROPI$IEEEJ$EBA8$UX$STANDARDLIB$REQ8$PRES8$EABIv2 0x00000000   Number         0  anon$$obj.o ABSOLUTE
    __fp_init_empty                          0x00000000   Number         0  fpinit_empty.o ABSOLUTE
    _printf_flags                            0x00000000   Number         0  printf_stubs.o ABSOLUTE
    _printf_return_value                     0x00000000   Number         0  printf_stubs.o ABSOLUTE
    _printf_sizespec                         0x00000000   Number         0  printf_stubs.o ABSOLUTE
    _printf_widthprec                        0x00000000   Number         0  printf_stubs.o ABSOLUTE
    __ARM_exceptions_init                     - Undefined Weak Reference
    __alloca_initialize                       - Undefined Weak Reference
    __arm_preinit_                            - Undefined Weak Reference
    __arm_relocate_pie_                       - Undefined Weak Reference
    __cpp_initialize__aeabi_                  - Undefined Weak Reference
    __cxa_finalize                            - Undefined Weak Reference
    __sigvec_lookup                           - Undefined Weak Reference
    _atexit_init                              - Undefined Weak Reference
    _call_atexit_fns                          - Undefined Weak Reference
    _clock_init                               - Undefined Weak Reference
    _fp_trap_init                             - Undefined Weak Reference
    _fp_trap_shutdown                         - Undefined Weak Reference
    _get_lc_collate                           - Undefined Weak Reference
    _get_lc_monetary                          - Undefined Weak Reference
    _get_lc_time                              - Undefined Weak Reference
    _getenv_init                              - Undefined Weak Reference
    _handle_redirection                       - Undefined Weak Reference
    _init_alloc                               - Undefined Weak Reference
    _init_user_alloc                          - Undefined Weak Reference
    _initio                                   - Undefined Weak Reference
    _printf_mbtowc                            - Undefined Weak Reference
    _printf_wc                                - Undefined Weak Reference
    _rand_init                                - Undefined Weak Reference
    _signal_finish                            - Undefined Weak Reference
    _signal_init                              - Undefined Weak Reference
    _terminate_alloc                          - Undefined Weak Reference
    _terminate_user_alloc                     - Undefined Weak Reference
    _terminateio                              - Undefined Weak Reference
    __Vectors_Size                           0x000000ec   Number         0  startup_stm32f10x_md.o ABSOLUTE
    __Vectors                                0x08000000   Data           4  startup_stm32f10x_md.o(RESET)
    __Vectors_End                            0x080000ec   Data           0  startup_stm32f10x_md.o(RESET)
    __main                                   0x080000ed   Thumb Code     8  __main.o(!!!main)
    __scatterload                            0x080000f5   Thumb Code     0  __scatter.o(!!!scatter)
    __scatterload_rt2                        0x080000f5   Thumb Code    84  __scatter.o(!!!scatter)
    __scatterload_rt2_thumb_only             0x080000f5   Thumb Code     0  __scatter.o(!!!scatter)
    __scatterload_loop                       0x080000ff   Thumb Code     0  __scatter.o(!!!scatter)
    __scatterload_copy                       0x08000151   Thumb Code    26  __scatter_copy.o(!!handler_copy)
    __scatterload_null                       0x0800016d   Thumb Code     2  __scatter.o(!!handler_null)
    __scatterload_zeroinit                   0x08000171   Thumb Code    28  __scatter_zi.o(!!handler_zi)
    _printf_n                                0x0800018d   Thumb Code     0  _printf_n.o(.ARM.Collect$$_printf_percent$$00000001)
    _printf_percent                          0x0800018d   Thumb Code     0  _printf_percent.o(.ARM.Collect$$_printf_percent$$00000000)
    _printf_p                                0x08000193   Thumb Code     0  _printf_p.o(.ARM.Collect$$_printf_percent$$00000002)
    _printf_f                                0x08000199   Thumb Code     0  _printf_f.o(.ARM.Collect$$_printf_percent$$00000003)
    _printf_e                                0x0800019f   Thumb Code     0  _printf_e.o(.ARM.Collect$$_printf_percent$$00000004)
    _printf_g                                0x080001a5   Thumb Code     0  _printf_g.o(.ARM.Collect$$_printf_percent$$00000005)
    _printf_a                                0x080001ab   Thumb Code     0  _printf_a.o(.ARM.Collect$$_printf_percent$$00000006)
    _printf_ll                               0x080001b1   Thumb Code     0  _printf_ll.o(.ARM.Collect$$_printf_percent$$00000007)
    _printf_i                                0x080001bb   Thumb Code     0  _printf_i.o(.ARM.Collect$$_printf_percent$$00000008)
    _printf_d                                0x080001c1   Thumb Code     0  _printf_d.o(.ARM.Collect$$_printf_percent$$00000009)
    _printf_u                                0x080001c7   Thumb Code     0  _printf_u.o(.ARM.Collect$$_printf_percent$$0000000A)
    _printf_o                                0x080001cd   Thumb Code     0  _printf_o.o(.ARM.Collect$$_printf_percent$$0000000B)
    _printf_x                                0x080001d3   Thumb Code     0  _printf_x.o(.ARM.Collect$$_printf_percent$$0000000C)
    _printf_lli                              0x080001d9   Thumb Code     0  _printf_lli.o(.ARM.Collect$$_printf_percent$$0000000D)
    _printf_lld                              0x080001df   Thumb Code     0  _printf_lld.o(.ARM.Collect$$_printf_percent$$0000000E)
    _printf_llu                              0x080001e5   Thumb Code     0  _printf_llu.o(.ARM.Collect$$_printf_percent$$0000000F)
    _printf_llo                              0x080001eb   Thumb Code     0  _printf_llo.o(.ARM.Collect$$_printf_percent$$00000010)
    _printf_llx                              0x080001f1   Thumb Code     0  _printf_llx.o(.ARM.Collect$$_printf_percent$$00000011)
    _printf_l                                0x080001f7   Thumb Code     0  _printf_l.o(.ARM.Collect$$_printf_percent$$00000012)
    _printf_c                                0x08000201   Thumb Code     0  _printf_c.o(.ARM.Collect$$_printf_percent$$00000013)
    _printf_s                                0x08000207   Thumb Code     0  _printf_s.o(.ARM.Collect$$_printf_percent$$00000014)
    _printf_lc                               0x0800020d   Thumb Code     0  _printf_lc.o(.ARM.Collect$$_printf_percent$$00000015)
    _printf_ls                               0x08000213   Thumb Code     0  _printf_ls.o(.ARM.Collect$$_printf_percent$$00000016)
    _printf_percent_end                      0x08000219   Thumb Code     0  _printf_percent_end.o(.ARM.Collect$$_printf_percent$$00000017)
    __rt_lib_init                            0x0800021d   Thumb Code     0  libinit.o(.ARM.Collect$$libinit$$00000000)
    __rt_lib_init_fp_1                       0x0800021f   Thumb Code     0  libinit2.o(.ARM.Collect$$libinit$$00000002)
    __rt_lib_init_heap_1                     0x0800021f   Thumb Code     0  libinit2.o(.ARM.Collect$$libinit$$0000000C)
    __rt_lib_init_lc_common                  0x0800021f   Thumb Code     0  libinit2.o(.ARM.Collect$$libinit$$00000011)
    __rt_lib_init_preinit_1                  0x0800021f   Thumb Code     0  libinit2.o(.ARM.Collect$$libinit$$00000006)
    __rt_lib_init_rand_1                     0x0800021f   Thumb Code     0  libinit2.o(.ARM.Collect$$libinit$$00000010)
    __rt_lib_init_relocate_pie_1             0x0800021f   Thumb Code     0  libinit2.o(.ARM.Collect$$libinit$$00000004)
    __rt_lib_init_user_alloc_1               0x0800021f   Thumb Code     0  libinit2.o(.ARM.Collect$$libinit$$0000000E)
    __rt_lib_init_lc_collate_1               0x08000225   Thumb Code     0  libinit2.o(.ARM.Collect$$libinit$$00000013)
    __rt_lib_init_lc_ctype_2                 0x08000225   Thumb Code     0  libinit2.o(.ARM.Collect$$libinit$$00000014)
    __rt_lib_init_lc_ctype_1                 0x08000231   Thumb Code     0  libinit2.o(.ARM.Collect$$libinit$$00000015)
    __rt_lib_init_lc_monetary_1              0x08000231   Thumb Code     0  libinit2.o(.ARM.Collect$$libinit$$00000017)
    __rt_lib_init_lc_numeric_2               0x08000231   Thumb Code     0  libinit2.o(.ARM.Collect$$libinit$$00000018)
    __rt_lib_init_alloca_1                   0x0800023b   Thumb Code     0  libinit2.o(.ARM.Collect$$libinit$$00000030)
    __rt_lib_init_argv_1                     0x0800023b   Thumb Code     0  libinit2.o(.ARM.Collect$$libinit$$0000002E)
    __rt_lib_init_atexit_1                   0x0800023b   Thumb Code     0  libinit2.o(.ARM.Collect$$libinit$$0000001D)
    __rt_lib_init_clock_1                    0x0800023b   Thumb Code     0  libinit2.o(.ARM.Collect$$libinit$$00000023)
    __rt_lib_init_cpp_1                      0x0800023b   Thumb Code     0  libinit2.o(.ARM.Collect$$libinit$$00000034)
    __rt_lib_init_exceptions_1               0x0800023b   Thumb Code     0  libinit2.o(.ARM.Collect$$libinit$$00000032)
    __rt_lib_init_fp_trap_1                  0x0800023b   Thumb Code     0  libinit2.o(.ARM.Collect$$libinit$$00000021)
    __rt_lib_init_getenv_1                   0x0800023b   Thumb Code     0  libinit2.o(.ARM.Collect$$libinit$$00000025)
    __rt_lib_init_lc_numeric_1               0x0800023b   Thumb Code     0  libinit2.o(.ARM.Collect$$libinit$$00000019)
    __rt_lib_init_lc_time_1                  0x0800023b   Thumb Code     0  libinit2.o(.ARM.Collect$$libinit$$0000001B)
    __rt_lib_init_return                     0x0800023b   Thumb Code     0  libinit2.o(.ARM.Collect$$libinit$$00000035)
    __rt_lib_init_signal_1                   0x0800023b   Thumb Code     0  libinit2.o(.ARM.Collect$$libinit$$0000001F)
    __rt_lib_init_stdio_1                    0x0800023b   Thumb Code     0  libinit2.o(.ARM.Collect$$libinit$$00000027)
    __rt_lib_shutdown                        0x0800023d   Thumb Code     0  libshutdown.o(.ARM.Collect$$libshutdown$$00000000)
    __rt_lib_shutdown_cpp_1                  0x0800023f   Thumb Code     0  libshutdown2.o(.ARM.Collect$$libshutdown$$00000002)
    __rt_lib_shutdown_fp_trap_1              0x0800023f   Thumb Code     0  libshutdown2.o(.ARM.Collect$$libshutdown$$00000007)
    __rt_lib_shutdown_heap_1                 0x0800023f   Thumb Code     0  libshutdown2.o(.ARM.Collect$$libshutdown$$0000000F)
    __rt_lib_shutdown_return                 0x0800023f   Thumb Code     0  libshutdown2.o(.ARM.Collect$$libshutdown$$00000010)
    __rt_lib_shutdown_signal_1               0x0800023f   Thumb Code     0  libshutdown2.o(.ARM.Collect$$libshutdown$$0000000A)
    __rt_lib_shutdown_stdio_1                0x0800023f   Thumb Code     0  libshutdown2.o(.ARM.Collect$$libshutdown$$00000004)
    __rt_lib_shutdown_user_alloc_1           0x0800023f   Thumb Code     0  libshutdown2.o(.ARM.Collect$$libshutdown$$0000000C)
    __rt_entry                               0x08000241   Thumb Code     0  __rtentry.o(.ARM.Collect$$rtentry$$00000000)
    __rt_entry_presh_1                       0x08000241   Thumb Code     0  __rtentry2.o(.ARM.Collect$$rtentry$$00000002)
    __rt_entry_sh                            0x08000241   Thumb Code     0  __rtentry4.o(.ARM.Collect$$rtentry$$00000004)
    __rt_entry_li                            0x08000247   Thumb Code     0  __rtentry2.o(.ARM.Collect$$rtentry$$0000000A)
    __rt_entry_postsh_1                      0x08000247   Thumb Code     0  __rtentry2.o(.ARM.Collect$$rtentry$$00000009)
    __rt_entry_main                          0x0800024b   Thumb Code     0  __rtentry2.o(.ARM.Collect$$rtentry$$0000000D)
    __rt_entry_postli_1                      0x0800024b   Thumb Code     0  __rtentry2.o(.ARM.Collect$$rtentry$$0000000C)
    __rt_exit                                0x08000253   Thumb Code     0  rtexit.o(.ARM.Collect$$rtexit$$00000000)
    __rt_exit_ls                             0x08000255   Thumb Code     0  rtexit2.o(.ARM.Collect$$rtexit$$00000003)
    __rt_exit_prels_1                        0x08000255   Thumb Code     0  rtexit2.o(.ARM.Collect$$rtexit$$00000002)
    __rt_exit_exit                           0x08000259   Thumb Code     0  rtexit2.o(.ARM.Collect$$rtexit$$00000004)
    Reset_Handler                            0x08000261   Thumb Code     8  startup_stm32f10x_md.o(.text)
    NMI_Handler                              0x08000269   Thumb Code     2  startup_stm32f10x_md.o(.text)
    HardFault_Handler                        0x0800026b   Thumb Code     2  startup_stm32f10x_md.o(.text)
    MemManage_Handler                        0x0800026d   Thumb Code     2  startup_stm32f10x_md.o(.text)
    BusFault_Handler                         0x0800026f   Thumb Code     2  startup_stm32f10x_md.o(.text)
    UsageFault_Handler                       0x08000271   Thumb Code     2  startup_stm32f10x_md.o(.text)
    SVC_Handler                              0x08000273   Thumb Code     2  startup_stm32f10x_md.o(.text)
    DebugMon_Handler                         0x08000275   Thumb Code     2  startup_stm32f10x_md.o(.text)
    PendSV_Handler                           0x08000277   Thumb Code     2  startup_stm32f10x_md.o(.text)
    ADC1_2_IRQHandler                        0x0800027b   Thumb Code     0  startup_stm32f10x_md.o(.text)
    CAN1_RX1_IRQHandler                      0x0800027b   Thumb Code     0  startup_stm32f10x_md.o(.text)
    CAN1_SCE_IRQHandler                      0x0800027b   Thumb Code     0  startup_stm32f10x_md.o(.text)
    DMA1_Channel1_IRQHandler                 0x0800027b   Thumb Code     0  startup_stm32f10x_md.o(.text)
    DMA1_Channel2_IRQHandler                 0x0800027b   Thumb Code     0  startup_stm32f10x_md.o(.text)
    DMA1_Channel3_IRQHandler                 0x0800027b   Thumb Code     0  startup_stm32f10x_md.o(.text)
    DMA1_Channel4_IRQHandler                 0x0800027b   Thumb Code     0  startup_stm32f10x_md.o(.text)
    DMA1_Channel5_IRQHandler                 0x0800027b   Thumb Code     0  startup_stm32f10x_md.o(.text)
    DMA1_Channel6_IRQHandler                 0x0800027b   Thumb Code     0  startup_stm32f10x_md.o(.text)
    DMA1_Channel7_IRQHandler                 0x0800027b   Thumb Code     0  startup_stm32f10x_md.o(.text)
    EXTI2_IRQHandler                         0x0800027b   Thumb Code     0  startup_stm32f10x_md.o(.text)
    EXTI3_IRQHandler                         0x0800027b   Thumb Code     0  startup_stm32f10x_md.o(.text)
    EXTI4_IRQHandler                         0x0800027b   Thumb Code     0  startup_stm32f10x_md.o(.text)
    EXTI9_5_IRQHandler                       0x0800027b   Thumb Code     0  startup_stm32f10x_md.o(.text)
    FLASH_IRQHandler                         0x0800027b   Thumb Code     0  startup_stm32f10x_md.o(.text)
    I2C1_ER_IRQHandler                       0x0800027b   Thumb Code     0  startup_stm32f10x_md.o(.text)
    I2C1_EV_IRQHandler                       0x0800027b   Thumb Code     0  startup_stm32f10x_md.o(.text)
    I2C2_ER_IRQHandler                       0x0800027b   Thumb Code     0  startup_stm32f10x_md.o(.text)
    I2C2_EV_IRQHandler                       0x0800027b   Thumb Code     0  startup_stm32f10x_md.o(.text)
    PVD_IRQHandler                           0x0800027b   Thumb Code     0  startup_stm32f10x_md.o(.text)
    RCC_IRQHandler                           0x0800027b   Thumb Code     0  startup_stm32f10x_md.o(.text)
    RTCAlarm_IRQHandler                      0x0800027b   Thumb Code     0  startup_stm32f10x_md.o(.text)
    RTC_IRQHandler                           0x0800027b   Thumb Code     0  startup_stm32f10x_md.o(.text)
    SPI1_IRQHandler                          0x0800027b   Thumb Code     0  startup_stm32f10x_md.o(.text)
    SPI2_IRQHandler                          0x0800027b   Thumb Code     0  startup_stm32f10x_md.o(.text)
    TAMPER_IRQHandler                        0x0800027b   Thumb Code     0  startup_stm32f10x_md.o(.text)
    TIM1_BRK_IRQHandler                      0x0800027b   Thumb Code     0  startup_stm32f10x_md.o(.text)
    TIM1_CC_IRQHandler                       0x0800027b   Thumb Code     0  startup_stm32f10x_md.o(.text)
    TIM1_TRG_COM_IRQHandler                  0x0800027b   Thumb Code     0  startup_stm32f10x_md.o(.text)
    TIM1_UP_IRQHandler                       0x0800027b   Thumb Code     0  startup_stm32f10x_md.o(.text)
    TIM2_IRQHandler                          0x0800027b   Thumb Code     0  startup_stm32f10x_md.o(.text)
    TIM3_IRQHandler                          0x0800027b   Thumb Code     0  startup_stm32f10x_md.o(.text)
    TIM4_IRQHandler                          0x0800027b   Thumb Code     0  startup_stm32f10x_md.o(.text)
    USART1_IRQHandler                        0x0800027b   Thumb Code     0  startup_stm32f10x_md.o(.text)
    USART2_IRQHandler                        0x0800027b   Thumb Code     0  startup_stm32f10x_md.o(.text)
    USART3_IRQHandler                        0x0800027b   Thumb Code     0  startup_stm32f10x_md.o(.text)
    USBWakeUp_IRQHandler                     0x0800027b   Thumb Code     0  startup_stm32f10x_md.o(.text)
    USB_HP_CAN1_TX_IRQHandler                0x0800027b   Thumb Code     0  startup_stm32f10x_md.o(.text)
    USB_LP_CAN1_RX0_IRQHandler               0x0800027b   Thumb Code     0  startup_stm32f10x_md.o(.text)
    WWDG_IRQHandler                          0x0800027b   Thumb Code     0  startup_stm32f10x_md.o(.text)
    __user_initial_stackheap                 0x0800027d   Thumb Code     0  startup_stm32f10x_md.o(.text)
    sprintf                                  0x080002a1   Thumb Code    38  sprintf.o(.text)
    strlen                                   0x080002cd   Thumb Code    62  strlen.o(.text)
    __use_two_region_memory                  0x0800030b   Thumb Code     2  heapauxi.o(.text)
    __rt_heap_escrow$2region                 0x0800030d   Thumb Code     2  heapauxi.o(.text)
    __rt_heap_expand$2region                 0x0800030f   Thumb Code     2  heapauxi.o(.text)
    _printf_pre_padding                      0x08000311   Thumb Code    44  _printf_pad.o(.text)
    _printf_post_padding                     0x0800033d   Thumb Code    34  _printf_pad.o(.text)
    _printf_truncate_signed                  0x0800035f   Thumb Code    18  _printf_truncate.o(.text)
    _printf_truncate_unsigned                0x08000371   Thumb Code    18  _printf_truncate.o(.text)
    _printf_str                              0x08000383   Thumb Code    82  _printf_str.o(.text)
    _printf_int_dec                          0x080003d5   Thumb Code   104  _printf_dec.o(.text)
    _printf_charcount                        0x0800044d   Thumb Code    40  _printf_charcount.o(.text)
    _printf_char_common                      0x0800047f   Thumb Code    32  _printf_char_common.o(.text)
    _sputc                                   0x080004a5   Thumb Code    10  _sputc.o(.text)
    _printf_wctomb                           0x080004b1   Thumb Code   182  _printf_wctomb.o(.text)
    _printf_longlong_dec                     0x0800056d   Thumb Code   108  _printf_longlong_dec.o(.text)
    _printf_longlong_oct                     0x080005e9   Thumb Code    68  _printf_oct_int_ll.o(.text)
    _printf_int_oct                          0x0800062d   Thumb Code    24  _printf_oct_int_ll.o(.text)
    _printf_ll_oct                           0x08000645   Thumb Code    12  _printf_oct_int_ll.o(.text)
    _printf_longlong_hex                     0x08000659   Thumb Code    86  _printf_hex_int_ll_ptr.o(.text)
    _printf_int_hex                          0x080006af   Thumb Code    28  _printf_hex_int_ll_ptr.o(.text)
    _printf_ll_hex                           0x080006cb   Thumb Code    12  _printf_hex_int_ll_ptr.o(.text)
    _printf_hex_ptr                          0x080006d7   Thumb Code    18  _printf_hex_int_ll_ptr.o(.text)
    __printf                                 0x080006ed   Thumb Code   388  __printf_flags_ss_wp.o(.text)
    _ll_udiv10                               0x08000875   Thumb Code   138  lludiv10.o(.text)
    _printf_int_common                       0x080008ff   Thumb Code   178  _printf_intcommon.o(.text)
    _printf_fp_dec_real                      0x08000b61   Thumb Code   620  _printf_fp_dec.o(.text)
    _printf_fp_hex_real                      0x08000dcd   Thumb Code   756  _printf_fp_hex.o(.text)
    _printf_cs_common                        0x080010c9   Thumb Code    20  _printf_char.o(.text)
    _printf_char                             0x080010dd   Thumb Code    16  _printf_char.o(.text)
    _printf_string                           0x080010ed   Thumb Code     8  _printf_char.o(.text)
    _printf_lcs_common                       0x080010f5   Thumb Code    20  _printf_wchar.o(.text)
    _printf_wchar                            0x08001109   Thumb Code    16  _printf_wchar.o(.text)
    _printf_wstring                          0x08001119   Thumb Code     8  _printf_wchar.o(.text)
    _c16rtomb                                0x08001121   Thumb Code    72  _c16rtomb.o(.text)
    _wcrtomb                                 0x08001121   Thumb Code     0  _c16rtomb.o(.text)
    __user_setup_stackheap                   0x08001169   Thumb Code    74  sys_stackheap_outer.o(.text)
    __rt_ctype_table                         0x080011b5   Thumb Code    16  rt_ctype_table.o(.text)
    __rt_locale                              0x080011c5   Thumb Code     8  rt_locale_intlibspace.o(.text)
    _printf_fp_infnan                        0x080011cd   Thumb Code   112  _printf_fp_infnan.o(.text)
    _btod_etento                             0x0800124d   Thumb Code   224  bigflt0.o(.text)
    exit                                     0x08001331   Thumb Code    18  exit.o(.text)
    __user_libspace                          0x08001345   Thumb Code     8  libspace.o(.text)
    __user_perproc_libspace                  0x08001345   Thumb Code     0  libspace.o(.text)
    __user_perthread_libspace                0x08001345   Thumb Code     0  libspace.o(.text)
    strcmp                                   0x0800134d   Thumb Code   128  strcmpv7m.o(.text)
    _sys_exit                                0x080013cd   Thumb Code     8  sys_exit.o(.text)
    __I$use$semihosting                      0x080013d9   Thumb Code     0  use_no_semi.o(.text)
    __use_no_semihosting_swi                 0x080013d9   Thumb Code     2  use_no_semi.o(.text)
    __semihosting_library_function           0x080013db   Thumb Code     0  indicate_semi.o(.text)
    Button_Init                              0x080013dd   Thumb Code   228  button.o(.text.Button_Init)
    EXTI0_IRQHandler                         0x080014c1   Thumb Code    96  button.o(.text.EXTI0_IRQHandler)
    EXTI15_10_IRQHandler                     0x08001521   Thumb Code   184  button.o(.text.EXTI15_10_IRQHandler)
    EXTI1_IRQHandler                         0x080015d9   Thumb Code    98  button.o(.text.EXTI1_IRQHandler)
    RCC_GetAbp1Clk                           0x080017f9   Thumb Code    36  rcc.o(.text.RCC_GetAbp1Clk)
    RCC_GetAbp2Clk                           0x0800181d   Thumb Code    36  rcc.o(.text.RCC_GetAbp2Clk)
    RCC_GetHClk                              0x08001841   Thumb Code    38  rcc.o(.text.RCC_GetHClk)
    RCC_GetSysClk                            0x08001869   Thumb Code   242  rcc.o(.text.RCC_GetSysClk)
    SPI1_Init                                0x0800195d   Thumb Code   124  spi.o(.text.SPI1_Init)
    SPI1_Transmit                            0x080019d9   Thumb Code    90  spi.o(.text.SPI1_Transmit)
    SysTick_Handler                          0x08001bb5   Thumb Code    16  button.o(.text.SysTick_Handler)
    SystemInit                               0x08001bc5   Thumb Code   102  system_stm32f10x.o(.text.SystemInit)
    Systick_Init                             0x08001c2d   Thumb Code    34  button.o(.text.Systick_Init)
    TFT_DrawChar                             0x08001c51   Thumb Code   294  tft.o(.text.TFT_DrawChar)
    TFT_DrawPixel                            0x08001d79   Thumb Code    98  tft.o(.text.TFT_DrawPixel)
    TFT_DrawString                           0x08001ddd   Thumb Code   144  tft.o(.text.TFT_DrawString)
    TFT_FillRect                             0x08001e6d   Thumb Code   208  tft.o(.text.TFT_FillRect)
    TFT_FillScreen                           0x08001f3d   Thumb Code    70  tft.o(.text.TFT_FillScreen)
    TFT_Init                                 0x08001f85   Thumb Code   256  tft.o(.text.TFT_Init)
    TFT_Reset                                0x08002085   Thumb Code    62  tft.o(.text.TFT_Reset)
    TFT_SetAddressWindow                     0x080020c5   Thumb Code   106  tft.o(.text.TFT_SetAddressWindow)
    TFT_WriteCommand                         0x08002131   Thumb Code    54  tft.o(.text.TFT_WriteCommand)
    TFT_WriteData                            0x08002169   Thumb Code    54  tft.o(.text.TFT_WriteData)
    TIM_Init                                 0x080021a1   Thumb Code   232  timer.o(.text.TIM_Init)
    TIM_OC1_PWMM1_Init                       0x08002289   Thumb Code   170  timer.o(.text.TIM_OC1_PWMM1_Init)
    TIM_ResetCNT                             0x08002335   Thumb Code    24  timer.o(.text.TIM_ResetCNT)
    clearCString                             0x080023c1   Thumb Code    44  main.o(.text.clearCString)
    clearString                              0x080023ed   Thumb Code    94  tft.o(.text.clearString)
    decreaseDuty                             0x0800244d   Thumb Code    72  control.o(.text.decreaseDuty)
    decreaseFreq                             0x08002495   Thumb Code    34  control.o(.text.decreaseFreq)
    delay_ms                                 0x080024b9   Thumb Code    40  tft.o(.text.delay_ms)
    display                                  0x080024e1   Thumb Code   194  main.o(.text.display)
    increaseDuty                             0x080025a5   Thumb Code    72  control.o(.text.increaseDuty)
    main                                     0x080025ed   Thumb Code    34  main.o(.text.main)
    _btod_d2e                                0x0800260f   Thumb Code    62  btod.o(CL$$btod_d2e)
    _d2e_denorm_low                          0x0800264d   Thumb Code    70  btod.o(CL$$btod_d2e_denorm_low)
    _d2e_norm_op1                            0x08002693   Thumb Code    96  btod.o(CL$$btod_d2e_norm_op1)
    __btod_div_common                        0x080026f5   Thumb Code   696  btod.o(CL$$btod_div_common)
    _e2e                                     0x08002a2d   Thumb Code   220  btod.o(CL$$btod_e2e)
    _btod_ediv                               0x08002b09   Thumb Code    42  btod.o(CL$$btod_ediv)
    _btod_emul                               0x08002b33   Thumb Code    42  btod.o(CL$$btod_emul)
    __btod_mult_common                       0x08002b5d   Thumb Code   580  btod.o(CL$$btod_mult_common)
    __ARM_fpclassify                         0x08002da1   Thumb Code    40  fpclassify.o(i.__ARM_fpclassify)
    _is_digit                                0x08002dc9   Thumb Code    14  __printf_wp.o(i._is_digit)
    _get_lc_numeric                          0x08002dd9   Thumb Code    44  lc_numeric_c.o(locale$$code)
    _get_lc_ctype                            0x08002e05   Thumb Code    44  lc_ctype_c.o(locale$$code)
    __aeabi_fdiv                             0x08002e31   Thumb Code     0  fdiv.o(x$fpl$fdiv)
    _fdiv                                    0x08002e31   Thumb Code   384  fdiv.o(x$fpl$fdiv)
    __aeabi_f2uiz                            0x08002fb5   Thumb Code     0  ffixu.o(x$fpl$ffixu)
    _ffixu                                   0x08002fb5   Thumb Code    62  ffixu.o(x$fpl$ffixu)
    __aeabi_i2f                              0x08002ff5   Thumb Code     0  fflt_clz.o(x$fpl$fflt)
    _fflt                                    0x08002ff5   Thumb Code    48  fflt_clz.o(x$fpl$fflt)
    __aeabi_ui2f                             0x08003025   Thumb Code     0  fflt_clz.o(x$fpl$ffltu)
    _ffltu                                   0x08003025   Thumb Code    38  fflt_clz.o(x$fpl$ffltu)
    __aeabi_fmul                             0x0800304d   Thumb Code     0  fmul.o(x$fpl$fmul)
    _fmul                                    0x0800304d   Thumb Code   258  fmul.o(x$fpl$fmul)
    __fpl_fnaninf                            0x0800314f   Thumb Code   140  fnaninf.o(x$fpl$fnaninf)
    __fpl_fretinf                            0x080031db   Thumb Code    10  fretinf.o(x$fpl$fretinf)
    _printf_fp_dec                           0x080031e5   Thumb Code     4  printf1.o(x$fpl$printf1)
    _printf_fp_hex                           0x080031e9   Thumb Code     4  printf2.o(x$fpl$printf2)
    __I$use$fp                               0x080031ec   Number         0  usenofp.o(x$fpl$usenofp)
    font5x7                                  0x08003320   Data         475  tft.o(.rodata.font5x7)
    Region$$Table$$Base                      0x0800350c   Number         0  anon$$obj.o(Region$$Table)
    Region$$Table$$Limit                     0x0800352c   Number         0  anon$$obj.o(Region$$Table)
    __ctype                                  0x08003555   Data           0  lc_ctype_c.o(locale$$data)
    duty                                     0x20000000   Data           2  control.o(.data.duty)
    freq                                     0x20000002   Data           2  control.o(.data.freq)
    __libspace_start                         0x20000008   Data          96  libspace.o(.bss)
    __temporary_stack_top$libspace           0x20000068   Data           0  libspace.o(.bss)
    tick_ms                                  0x20000078   Data           4  button.o(.bss.tick_ms)



==============================================================================

Memory Map of the image

  Image Entry point : 0x08000261

  Load Region LR_1 (Base: 0x08000000, Size: 0x0000365c, Max: 0xffffffff, ABSOLUTE)

    Execution Region ER_RO (Exec base: 0x08000000, Load base: 0x08000000, Size: 0x00003658, Max: 0xffffffff, ABSOLUTE)

    Exec Addr    Load Addr    Size         Type   Attr      Idx    E Section Name        Object

    0x08000000   0x08000000   0x000000ec   Data   RO          196    RESET               startup_stm32f10x_md.o
    0x080000ec   0x080000ec   0x00000008   Code   RO          228  * !!!main             c_w.l(__main.o)
    0x080000f4   0x080000f4   0x0000005c   Code   RO          611    !!!scatter          c_w.l(__scatter.o)
    0x08000150   0x08000150   0x0000001a   Code   RO          615    !!handler_copy      c_w.l(__scatter_copy.o)
    0x0800016a   0x0800016a   0x00000002   PAD
    0x0800016c   0x0800016c   0x00000002   Code   RO          612    !!handler_null      c_w.l(__scatter.o)
    0x0800016e   0x0800016e   0x00000002   PAD
    0x08000170   0x08000170   0x0000001c   Code   RO          617    !!handler_zi        c_w.l(__scatter_zi.o)
    0x0800018c   0x0800018c   0x00000000   Code   RO          350    .ARM.Collect$$_printf_percent$$00000000  c_w.l(_printf_percent.o)
    0x0800018c   0x0800018c   0x00000006   Code   RO          339    .ARM.Collect$$_printf_percent$$00000001  c_w.l(_printf_n.o)
    0x08000192   0x08000192   0x00000006   Code   RO          341    .ARM.Collect$$_printf_percent$$00000002  c_w.l(_printf_p.o)
    0x08000198   0x08000198   0x00000006   Code   RO          346    .ARM.Collect$$_printf_percent$$00000003  c_w.l(_printf_f.o)
    0x0800019e   0x0800019e   0x00000006   Code   RO          347    .ARM.Collect$$_printf_percent$$00000004  c_w.l(_printf_e.o)
    0x080001a4   0x080001a4   0x00000006   Code   RO          348    .ARM.Collect$$_printf_percent$$00000005  c_w.l(_printf_g.o)
    0x080001aa   0x080001aa   0x00000006   Code   RO          349    .ARM.Collect$$_printf_percent$$00000006  c_w.l(_printf_a.o)
    0x080001b0   0x080001b0   0x0000000a   Code   RO          354    .ARM.Collect$$_printf_percent$$00000007  c_w.l(_printf_ll.o)
    0x080001ba   0x080001ba   0x00000006   Code   RO          343    .ARM.Collect$$_printf_percent$$00000008  c_w.l(_printf_i.o)
    0x080001c0   0x080001c0   0x00000006   Code   RO          344    .ARM.Collect$$_printf_percent$$00000009  c_w.l(_printf_d.o)
    0x080001c6   0x080001c6   0x00000006   Code   RO          345    .ARM.Collect$$_printf_percent$$0000000A  c_w.l(_printf_u.o)
    0x080001cc   0x080001cc   0x00000006   Code   RO          342    .ARM.Collect$$_printf_percent$$0000000B  c_w.l(_printf_o.o)
    0x080001d2   0x080001d2   0x00000006   Code   RO          340    .ARM.Collect$$_printf_percent$$0000000C  c_w.l(_printf_x.o)
    0x080001d8   0x080001d8   0x00000006   Code   RO          351    .ARM.Collect$$_printf_percent$$0000000D  c_w.l(_printf_lli.o)
    0x080001de   0x080001de   0x00000006   Code   RO          352    .ARM.Collect$$_printf_percent$$0000000E  c_w.l(_printf_lld.o)
    0x080001e4   0x080001e4   0x00000006   Code   RO          353    .ARM.Collect$$_printf_percent$$0000000F  c_w.l(_printf_llu.o)
    0x080001ea   0x080001ea   0x00000006   Code   RO          358    .ARM.Collect$$_printf_percent$$00000010  c_w.l(_printf_llo.o)
    0x080001f0   0x080001f0   0x00000006   Code   RO          359    .ARM.Collect$$_printf_percent$$00000011  c_w.l(_printf_llx.o)
    0x080001f6   0x080001f6   0x0000000a   Code   RO          355    .ARM.Collect$$_printf_percent$$00000012  c_w.l(_printf_l.o)
    0x08000200   0x08000200   0x00000006   Code   RO          337    .ARM.Collect$$_printf_percent$$00000013  c_w.l(_printf_c.o)
    0x08000206   0x08000206   0x00000006   Code   RO          338    .ARM.Collect$$_printf_percent$$00000014  c_w.l(_printf_s.o)
    0x0800020c   0x0800020c   0x00000006   Code   RO          356    .ARM.Collect$$_printf_percent$$00000015  c_w.l(_printf_lc.o)
    0x08000212   0x08000212   0x00000006   Code   RO          357    .ARM.Collect$$_printf_percent$$00000016  c_w.l(_printf_ls.o)
    0x08000218   0x08000218   0x00000004   Code   RO          409    .ARM.Collect$$_printf_percent$$00000017  c_w.l(_printf_percent_end.o)
    0x0800021c   0x0800021c   0x00000002   Code   RO          460    .ARM.Collect$$libinit$$00000000  c_w.l(libinit.o)
    0x0800021e   0x0800021e   0x00000000   Code   RO          478    .ARM.Collect$$libinit$$00000002  c_w.l(libinit2.o)
    0x0800021e   0x0800021e   0x00000000   Code   RO          480    .ARM.Collect$$libinit$$00000004  c_w.l(libinit2.o)
    0x0800021e   0x0800021e   0x00000000   Code   RO          482    .ARM.Collect$$libinit$$00000006  c_w.l(libinit2.o)
    0x0800021e   0x0800021e   0x00000000   Code   RO          485    .ARM.Collect$$libinit$$0000000C  c_w.l(libinit2.o)
    0x0800021e   0x0800021e   0x00000000   Code   RO          487    .ARM.Collect$$libinit$$0000000E  c_w.l(libinit2.o)
    0x0800021e   0x0800021e   0x00000000   Code   RO          489    .ARM.Collect$$libinit$$00000010  c_w.l(libinit2.o)
    0x0800021e   0x0800021e   0x00000006   Code   RO          490    .ARM.Collect$$libinit$$00000011  c_w.l(libinit2.o)
    0x08000224   0x08000224   0x00000000   Code   RO          492    .ARM.Collect$$libinit$$00000013  c_w.l(libinit2.o)
    0x08000224   0x08000224   0x0000000c   Code   RO          493    .ARM.Collect$$libinit$$00000014  c_w.l(libinit2.o)
    0x08000230   0x08000230   0x00000000   Code   RO          494    .ARM.Collect$$libinit$$00000015  c_w.l(libinit2.o)
    0x08000230   0x08000230   0x00000000   Code   RO          496    .ARM.Collect$$libinit$$00000017  c_w.l(libinit2.o)
    0x08000230   0x08000230   0x0000000a   Code   RO          497    .ARM.Collect$$libinit$$00000018  c_w.l(libinit2.o)
    0x0800023a   0x0800023a   0x00000000   Code   RO          498    .ARM.Collect$$libinit$$00000019  c_w.l(libinit2.o)
    0x0800023a   0x0800023a   0x00000000   Code   RO          500    .ARM.Collect$$libinit$$0000001B  c_w.l(libinit2.o)
    0x0800023a   0x0800023a   0x00000000   Code   RO          502    .ARM.Collect$$libinit$$0000001D  c_w.l(libinit2.o)
    0x0800023a   0x0800023a   0x00000000   Code   RO          504    .ARM.Collect$$libinit$$0000001F  c_w.l(libinit2.o)
    0x0800023a   0x0800023a   0x00000000   Code   RO          506    .ARM.Collect$$libinit$$00000021  c_w.l(libinit2.o)
    0x0800023a   0x0800023a   0x00000000   Code   RO          508    .ARM.Collect$$libinit$$00000023  c_w.l(libinit2.o)
    0x0800023a   0x0800023a   0x00000000   Code   RO          510    .ARM.Collect$$libinit$$00000025  c_w.l(libinit2.o)
    0x0800023a   0x0800023a   0x00000000   Code   RO          512    .ARM.Collect$$libinit$$00000027  c_w.l(libinit2.o)
    0x0800023a   0x0800023a   0x00000000   Code   RO          516    .ARM.Collect$$libinit$$0000002E  c_w.l(libinit2.o)
    0x0800023a   0x0800023a   0x00000000   Code   RO          518    .ARM.Collect$$libinit$$00000030  c_w.l(libinit2.o)
    0x0800023a   0x0800023a   0x00000000   Code   RO          520    .ARM.Collect$$libinit$$00000032  c_w.l(libinit2.o)
    0x0800023a   0x0800023a   0x00000000   Code   RO          522    .ARM.Collect$$libinit$$00000034  c_w.l(libinit2.o)
    0x0800023a   0x0800023a   0x00000002   Code   RO          523    .ARM.Collect$$libinit$$00000035  c_w.l(libinit2.o)
    0x0800023c   0x0800023c   0x00000002   Code   RO          547    .ARM.Collect$$libshutdown$$00000000  c_w.l(libshutdown.o)
    0x0800023e   0x0800023e   0x00000000   Code   RO          562    .ARM.Collect$$libshutdown$$00000002  c_w.l(libshutdown2.o)
    0x0800023e   0x0800023e   0x00000000   Code   RO          564    .ARM.Collect$$libshutdown$$00000004  c_w.l(libshutdown2.o)
    0x0800023e   0x0800023e   0x00000000   Code   RO          567    .ARM.Collect$$libshutdown$$00000007  c_w.l(libshutdown2.o)
    0x0800023e   0x0800023e   0x00000000   Code   RO          570    .ARM.Collect$$libshutdown$$0000000A  c_w.l(libshutdown2.o)
    0x0800023e   0x0800023e   0x00000000   Code   RO          572    .ARM.Collect$$libshutdown$$0000000C  c_w.l(libshutdown2.o)
    0x0800023e   0x0800023e   0x00000000   Code   RO          575    .ARM.Collect$$libshutdown$$0000000F  c_w.l(libshutdown2.o)
    0x0800023e   0x0800023e   0x00000002   Code   RO          576    .ARM.Collect$$libshutdown$$00000010  c_w.l(libshutdown2.o)
    0x08000240   0x08000240   0x00000000   Code   RO          268    .ARM.Collect$$rtentry$$00000000  c_w.l(__rtentry.o)
    0x08000240   0x08000240   0x00000000   Code   RO          378    .ARM.Collect$$rtentry$$00000002  c_w.l(__rtentry2.o)
    0x08000240   0x08000240   0x00000006   Code   RO          390    .ARM.Collect$$rtentry$$00000004  c_w.l(__rtentry4.o)
    0x08000246   0x08000246   0x00000000   Code   RO          380    .ARM.Collect$$rtentry$$00000009  c_w.l(__rtentry2.o)
    0x08000246   0x08000246   0x00000004   Code   RO          381    .ARM.Collect$$rtentry$$0000000A  c_w.l(__rtentry2.o)
    0x0800024a   0x0800024a   0x00000000   Code   RO          383    .ARM.Collect$$rtentry$$0000000C  c_w.l(__rtentry2.o)
    0x0800024a   0x0800024a   0x00000008   Code   RO          384    .ARM.Collect$$rtentry$$0000000D  c_w.l(__rtentry2.o)
    0x08000252   0x08000252   0x00000002   Code   RO          468    .ARM.Collect$$rtexit$$00000000  c_w.l(rtexit.o)
    0x08000254   0x08000254   0x00000000   Code   RO          525    .ARM.Collect$$rtexit$$00000002  c_w.l(rtexit2.o)
    0x08000254   0x08000254   0x00000004   Code   RO          526    .ARM.Collect$$rtexit$$00000003  c_w.l(rtexit2.o)
    0x08000258   0x08000258   0x00000006   Code   RO          527    .ARM.Collect$$rtexit$$00000004  c_w.l(rtexit2.o)
    0x0800025e   0x0800025e   0x00000002   PAD
    0x08000260   0x08000260   0x00000040   Code   RO          197  * .text               startup_stm32f10x_md.o
    0x080002a0   0x080002a0   0x0000002c   Code   RO          222    .text               c_w.l(sprintf.o)
    0x080002cc   0x080002cc   0x0000003e   Code   RO          224    .text               c_w.l(strlen.o)
    0x0800030a   0x0800030a   0x00000006   Code   RO          226    .text               c_w.l(heapauxi.o)
    0x08000310   0x08000310   0x0000004e   Code   RO          271    .text               c_w.l(_printf_pad.o)
    0x0800035e   0x0800035e   0x00000024   Code   RO          273    .text               c_w.l(_printf_truncate.o)
    0x08000382   0x08000382   0x00000052   Code   RO          275    .text               c_w.l(_printf_str.o)
    0x080003d4   0x080003d4   0x00000078   Code   RO          277    .text               c_w.l(_printf_dec.o)
    0x0800044c   0x0800044c   0x00000028   Code   RO          279    .text               c_w.l(_printf_charcount.o)
    0x08000474   0x08000474   0x00000030   Code   RO          281    .text               c_w.l(_printf_char_common.o)
    0x080004a4   0x080004a4   0x0000000a   Code   RO          283    .text               c_w.l(_sputc.o)
    0x080004ae   0x080004ae   0x00000002   PAD
    0x080004b0   0x080004b0   0x000000bc   Code   RO          285    .text               c_w.l(_printf_wctomb.o)
    0x0800056c   0x0800056c   0x0000007c   Code   RO          288    .text               c_w.l(_printf_longlong_dec.o)
    0x080005e8   0x080005e8   0x00000070   Code   RO          294    .text               c_w.l(_printf_oct_int_ll.o)
    0x08000658   0x08000658   0x00000094   Code   RO          314    .text               c_w.l(_printf_hex_int_ll_ptr.o)
    0x080006ec   0x080006ec   0x00000188   Code   RO          334    .text               c_w.l(__printf_flags_ss_wp.o)
    0x08000874   0x08000874   0x0000008a   Code   RO          392    .text               c_w.l(lludiv10.o)
    0x080008fe   0x080008fe   0x000000b2   Code   RO          394    .text               c_w.l(_printf_intcommon.o)
    0x080009b0   0x080009b0   0x0000041c   Code   RO          396    .text               c_w.l(_printf_fp_dec.o)
    0x08000dcc   0x08000dcc   0x000002fc   Code   RO          400    .text               c_w.l(_printf_fp_hex.o)
    0x080010c8   0x080010c8   0x0000002c   Code   RO          405    .text               c_w.l(_printf_char.o)
    0x080010f4   0x080010f4   0x0000002c   Code   RO          407    .text               c_w.l(_printf_wchar.o)
    0x08001120   0x08001120   0x00000048   Code   RO          410    .text               c_w.l(_c16rtomb.o)
    0x08001168   0x08001168   0x0000004a   Code   RO          412    .text               c_w.l(sys_stackheap_outer.o)
    0x080011b2   0x080011b2   0x00000002   PAD
    0x080011b4   0x080011b4   0x00000010   Code   RO          414    .text               c_w.l(rt_ctype_table.o)
    0x080011c4   0x080011c4   0x00000008   Code   RO          419    .text               c_w.l(rt_locale_intlibspace.o)
    0x080011cc   0x080011cc   0x00000080   Code   RO          421    .text               c_w.l(_printf_fp_infnan.o)
    0x0800124c   0x0800124c   0x000000e4   Code   RO          423    .text               c_w.l(bigflt0.o)
    0x08001330   0x08001330   0x00000012   Code   RO          453    .text               c_w.l(exit.o)
    0x08001342   0x08001342   0x00000002   PAD
    0x08001344   0x08001344   0x00000008   Code   RO          465    .text               c_w.l(libspace.o)
    0x0800134c   0x0800134c   0x00000080   Code   RO          475    .text               c_w.l(strcmpv7m.o)
    0x080013cc   0x080013cc   0x0000000c   Code   RO          537    .text               c_w.l(sys_exit.o)
    0x080013d8   0x080013d8   0x00000002   Code   RO          552    .text               c_w.l(use_no_semi.o)
    0x080013da   0x080013da   0x00000000   Code   RO          554    .text               c_w.l(indicate_semi.o)
    0x080013da   0x080013da   0x00000002   PAD
    0x080013dc   0x080013dc   0x000000e4   Code   RO           92    .text.Button_Init   button.o
    0x080014c0   0x080014c0   0x00000060   Code   RO           98    .text.EXTI0_IRQHandler  button.o
    0x08001520   0x08001520   0x000000b8   Code   RO          102    .text.EXTI15_10_IRQHandler  button.o
    0x080015d8   0x080015d8   0x00000062   Code   RO          100    .text.EXTI1_IRQHandler  button.o
    0x0800163a   0x0800163a   0x00000002   PAD
    0x0800163c   0x0800163c   0x00000012   Code   RO            6    .text.GPIO_ResetBits  tft.o
    0x0800164e   0x0800164e   0x00000002   PAD
    0x08001650   0x08001650   0x00000010   Code   RO            8    .text.GPIO_SetBits  tft.o
    0x08001660   0x08001660   0x00000086   Code   RO           18    .text.GPIO_SetMode  tft.o
    0x080016e6   0x080016e6   0x00000002   PAD
    0x080016e8   0x080016e8   0x00000086   Code   RO           71    .text.GPIO_SetMode  spi.o
    0x0800176e   0x0800176e   0x00000002   PAD
    0x08001770   0x08001770   0x00000086   Code   RO           94    .text.GPIO_SetMode  button.o
    0x080017f6   0x080017f6   0x00000002   PAD
    0x080017f8   0x080017f8   0x00000024   Code   RO           55    .text.RCC_GetAbp1Clk  rcc.o
    0x0800181c   0x0800181c   0x00000024   Code   RO           57    .text.RCC_GetAbp2Clk  rcc.o
    0x08001840   0x08001840   0x00000026   Code   RO           53    .text.RCC_GetHClk   rcc.o
    0x08001866   0x08001866   0x00000002   PAD
    0x08001868   0x08001868   0x000000f2   Code   RO           51    .text.RCC_GetSysClk  rcc.o
    0x0800195a   0x0800195a   0x00000002   PAD
    0x0800195c   0x0800195c   0x0000007c   Code   RO           69    .text.SPI1_Init     spi.o
    0x080019d8   0x080019d8   0x0000005a   Code   RO           73    .text.SPI1_Transmit  spi.o
    0x08001a32   0x08001a32   0x00000002   PAD
    0x08001a34   0x08001a34   0x00000008   Code   RO          206    .text.SetSysClock   system_stm32f10x.o
    0x08001a3c   0x08001a3c   0x00000122   Code   RO          210    .text.SetSysClockTo72  system_stm32f10x.o
    0x08001b5e   0x08001b5e   0x00000002   PAD
    0x08001b60   0x08001b60   0x00000052   Code   RO           90    .text.SysTick_Config  button.o
    0x08001bb2   0x08001bb2   0x00000002   PAD
    0x08001bb4   0x08001bb4   0x00000010   Code   RO           86    .text.SysTick_Handler  button.o
    0x08001bc4   0x08001bc4   0x00000066   Code   RO          204    .text.SystemInit    system_stm32f10x.o
    0x08001c2a   0x08001c2a   0x00000002   PAD
    0x08001c2c   0x08001c2c   0x00000022   Code   RO           88    .text.Systick_Init  button.o
    0x08001c4e   0x08001c4e   0x00000002   PAD
    0x08001c50   0x08001c50   0x00000126   Code   RO           24    .text.TFT_DrawChar  tft.o
    0x08001d76   0x08001d76   0x00000002   PAD
    0x08001d78   0x08001d78   0x00000062   Code   RO           20    .text.TFT_DrawPixel  tft.o
    0x08001dda   0x08001dda   0x00000002   PAD
    0x08001ddc   0x08001ddc   0x00000090   Code   RO           26    .text.TFT_DrawString  tft.o
    0x08001e6c   0x08001e6c   0x000000d0   Code   RO           28    .text.TFT_FillRect  tft.o
    0x08001f3c   0x08001f3c   0x00000046   Code   RO           22    .text.TFT_FillScreen  tft.o
    0x08001f82   0x08001f82   0x00000002   PAD
    0x08001f84   0x08001f84   0x00000100   Code   RO           16    .text.TFT_Init      tft.o
    0x08002084   0x08002084   0x0000003e   Code   RO           12    .text.TFT_Reset     tft.o
    0x080020c2   0x080020c2   0x00000002   PAD
    0x080020c4   0x080020c4   0x0000006a   Code   RO           14    .text.TFT_SetAddressWindow  tft.o
    0x0800212e   0x0800212e   0x00000002   PAD
    0x08002130   0x08002130   0x00000036   Code   RO            4    .text.TFT_WriteCommand  tft.o
    0x08002166   0x08002166   0x00000002   PAD
    0x08002168   0x08002168   0x00000036   Code   RO           10    .text.TFT_WriteData  tft.o
    0x0800219e   0x0800219e   0x00000002   PAD
    0x080021a0   0x080021a0   0x000000e8   Code   RO          135    .text.TIM_Init      timer.o
    0x08002288   0x08002288   0x000000aa   Code   RO          141    .text.TIM_OC1_PWMM1_Init  timer.o
    0x08002332   0x08002332   0x00000002   PAD
    0x08002334   0x08002334   0x00000018   Code   RO          137    .text.TIM_ResetCNT  timer.o
    0x0800234c   0x0800234c   0x00000030   Code   RO           96    .text.__NVIC_EnableIRQ  button.o
    0x0800237c   0x0800237c   0x00000042   Code   RO          104    .text.__NVIC_SetPriority  button.o
    0x080023be   0x080023be   0x00000002   PAD
    0x080023c0   0x080023c0   0x0000002c   Code   RO          173    .text.clearCString  main.o
    0x080023ec   0x080023ec   0x0000005e   Code   RO           30    .text.clearString   tft.o
    0x0800244a   0x0800244a   0x00000002   PAD
    0x0800244c   0x0800244c   0x00000048   Code   RO          120    .text.decreaseDuty  control.o
    0x08002494   0x08002494   0x00000022   Code   RO          124    .text.decreaseFreq  control.o
    0x080024b6   0x080024b6   0x00000002   PAD
    0x080024b8   0x080024b8   0x00000028   Code   RO            2    .text.delay_ms      tft.o
    0x080024e0   0x080024e0   0x000000c2   Code   RO          183    .text.display       main.o
    0x080025a2   0x080025a2   0x00000002   PAD
    0x080025a4   0x080025a4   0x00000048   Code   RO          118    .text.increaseDuty  control.o
    0x080025ec   0x080025ec   0x00000022   Code   RO          181    .text.main          main.o
    0x0800260e   0x0800260e   0x0000003e   Code   RO          426    CL$$btod_d2e        c_w.l(btod.o)
    0x0800264c   0x0800264c   0x00000046   Code   RO          428    CL$$btod_d2e_denorm_low  c_w.l(btod.o)
    0x08002692   0x08002692   0x00000060   Code   RO          427    CL$$btod_d2e_norm_op1  c_w.l(btod.o)
    0x080026f2   0x080026f2   0x00000002   PAD
    0x080026f4   0x080026f4   0x00000338   Code   RO          436    CL$$btod_div_common  c_w.l(btod.o)
    0x08002a2c   0x08002a2c   0x000000dc   Code   RO          433    CL$$btod_e2e        c_w.l(btod.o)
    0x08002b08   0x08002b08   0x0000002a   Code   RO          430    CL$$btod_ediv       c_w.l(btod.o)
    0x08002b32   0x08002b32   0x0000002a   Code   RO          429    CL$$btod_emul       c_w.l(btod.o)
    0x08002b5c   0x08002b5c   0x00000244   Code   RO          435    CL$$btod_mult_common  c_w.l(btod.o)
    0x08002da0   0x08002da0   0x00000028   Code   RO          463    i.__ARM_fpclassify  m_ws.l(fpclassify.o)
    0x08002dc8   0x08002dc8   0x0000000e   Code   RO          327    i._is_digit         c_w.l(__printf_wp.o)
    0x08002dd6   0x08002dd6   0x00000002   PAD
    0x08002dd8   0x08002dd8   0x0000002c   Code   RO          451    locale$$code        c_w.l(lc_numeric_c.o)
    0x08002e04   0x08002e04   0x0000002c   Code   RO          473    locale$$code        c_w.l(lc_ctype_c.o)
    0x08002e30   0x08002e30   0x00000184   Code   RO          253    x$fpl$fdiv          fz_ws.l(fdiv.o)
    0x08002fb4   0x08002fb4   0x0000003e   Code   RO          256    x$fpl$ffixu         fz_ws.l(ffixu.o)
    0x08002ff2   0x08002ff2   0x00000002   PAD
    0x08002ff4   0x08002ff4   0x00000030   Code   RO          261    x$fpl$fflt          fz_ws.l(fflt_clz.o)
    0x08003024   0x08003024   0x00000026   Code   RO          260    x$fpl$ffltu         fz_ws.l(fflt_clz.o)
    0x0800304a   0x0800304a   0x00000002   PAD
    0x0800304c   0x0800304c   0x00000102   Code   RO          266    x$fpl$fmul          fz_ws.l(fmul.o)
    0x0800314e   0x0800314e   0x0000008c   Code   RO          364    x$fpl$fnaninf       fz_ws.l(fnaninf.o)
    0x080031da   0x080031da   0x0000000a   Code   RO          366    x$fpl$fretinf       fz_ws.l(fretinf.o)
    0x080031e4   0x080031e4   0x00000004   Code   RO          368    x$fpl$printf1       fz_ws.l(printf1.o)
    0x080031e8   0x080031e8   0x00000004   Code   RO          370    x$fpl$printf2       fz_ws.l(printf2.o)
    0x080031ec   0x080031ec   0x00000000   Code   RO          376    x$fpl$usenofp       fz_ws.l(usenofp.o)
    0x080031ec   0x080031ec   0x00000008   Data   RO          286    .constdata          c_w.l(_printf_wctomb.o)
    0x080031f4   0x080031f4   0x00000028   Data   RO          315    .constdata          c_w.l(_printf_hex_int_ll_ptr.o)
    0x0800321c   0x0800321c   0x00000011   Data   RO          335    .constdata          c_w.l(__printf_flags_ss_wp.o)
    0x0800322d   0x0800322d   0x00000026   Data   RO          401    .constdata          c_w.l(_printf_fp_hex.o)
    0x08003253   0x08003253   0x00000001   PAD
    0x08003254   0x08003254   0x00000094   Data   RO          424    .constdata          c_w.l(bigflt0.o)
    0x080032e8   0x080032e8   0x00000020   Data   RO           60    .rodata.AHBpreFactorTable  rcc.o
    0x08003308   0x08003308   0x00000008   Data   RO           61    .rodata.APBpreFactorTable  rcc.o
    0x08003310   0x08003310   0x00000010   Data   RO           59    .rodata.RCC_GetSysClk.PLLMULFactorTable  rcc.o
    0x08003320   0x08003320   0x000001db   Data   RO           32    .rodata.font5x7     tft.o
    0x080034fb   0x080034fb   0x00000011   Data   RO          186    .rodata.str1.1      main.o
    0x0800350c   0x0800350c   0x00000020   Data   RO          610    Region$$Table       anon$$obj.o
    0x0800352c   0x0800352c   0x0000001c   Data   RO          450    locale$$data        c_w.l(lc_numeric_c.o)
    0x08003548   0x08003548   0x00000110   Data   RO          472    locale$$data        c_w.l(lc_ctype_c.o)


    Execution Region ER_RW (Exec base: 0x20000000, Load base: 0x08003658, Size: 0x00000004, Max: 0xffffffff, ABSOLUTE)

    Exec Addr    Load Addr    Size         Type   Attr      Idx    E Section Name        Object

    0x20000000   0x08003658   0x00000002   Data   RW          126    .data.duty          control.o
    0x20000002   0x0800365a   0x00000002   Data   RW          127    .data.freq          control.o


    Execution Region ER_ZI (Exec base: 0x20000008, Load base: 0x0800365c, Size: 0x00000678, Max: 0xffffffff, ABSOLUTE)

    Exec Addr    Load Addr    Size         Type   Attr      Idx    E Section Name        Object

    0x20000008        -       0x00000060   Zero   RW          466    .bss                c_w.l(libspace.o)
    0x20000068        -       0x00000004   Zero   RW          107    .bss.last_press_pb0  button.o
    0x2000006c        -       0x00000004   Zero   RW          108    .bss.last_press_pb1  button.o
    0x20000070        -       0x00000004   Zero   RW          109    .bss.last_press_pb10  button.o
    0x20000074        -       0x00000004   Zero   RW          110    .bss.last_press_pb11  button.o
    0x20000078        -       0x00000004   Zero   RW          106    .bss.tick_ms        button.o
    0x2000007c   0x0800365c   0x00000004   PAD
    0x20000080        -       0x00000200   Zero   RW          195    HEAP                startup_stm32f10x_md.o
    0x20000280        -       0x00000400   Zero   RW          194    STACK               startup_stm32f10x_md.o


==============================================================================

Image component sizes


      Code (inc. data)   RO Data    RW Data    ZI Data      Debug   Object Name

       986          0          0          0         20       6127   button.o
       178          0          0          4          0       1938   control.o
       272          0         17          0          0       3852   main.o
       352          0         56          0          0       1748   rcc.o
       348          0          0          0          0       3028   spi.o
        64         26        236          0       1536        856   startup_stm32f10x_md.o
       400          0          0          0          0       3010   system_stm32f10x.o
      1648          0        475          0          0       5018   tft.o
       426          0          0          0          0       3521   timer.o

    ----------------------------------------------------------------------
      4722         26        816          4       1560      29098   Object Totals
         0          0         32          0          0          0   (incl. Generated)
        48          0          0          0          4          0   (incl. Padding)

    ----------------------------------------------------------------------

      Code (inc. data)   RO Data    RW Data    ZI Data      Debug   Library Member Name

         8          0          0          0          0         68   __main.o
       392          4         17          0          0         92   __printf_flags_ss_wp.o
        14          0          0          0          0         68   __printf_wp.o
         0          0          0          0          0          0   __rtentry.o
        12          0          0          0          0          0   __rtentry2.o
         6          0          0          0          0          0   __rtentry4.o
        94          8          0          0          0          0   __scatter.o
        26          0          0          0          0          0   __scatter_copy.o
        28          0          0          0          0          0   __scatter_zi.o
        72          0          0          0          0         96   _c16rtomb.o
         6          0          0          0          0          0   _printf_a.o
         6          0          0          0          0          0   _printf_c.o
        44          0          0          0          0        108   _printf_char.o
        48          6          0          0          0         96   _printf_char_common.o
        40          0          0          0          0         68   _printf_charcount.o
         6          0          0          0          0          0   _printf_d.o
       120         16          0          0          0         92   _printf_dec.o
         6          0          0          0          0          0   _printf_e.o
         6          0          0          0          0          0   _printf_f.o
      1052          0          0          0          0        148   _printf_fp_dec.o
       764          8         38          0          0        100   _printf_fp_hex.o
       128         16          0          0          0         84   _printf_fp_infnan.o
         6          0          0          0          0          0   _printf_g.o
       148          4         40          0          0        160   _printf_hex_int_ll_ptr.o
         6          0          0          0          0          0   _printf_i.o
       178          0          0          0          0         88   _printf_intcommon.o
        10          0          0          0          0          0   _printf_l.o
         6          0          0          0          0          0   _printf_lc.o
        10          0          0          0          0          0   _printf_ll.o
         6          0          0          0          0          0   _printf_lld.o
         6          0          0          0          0          0   _printf_lli.o
         6          0          0          0          0          0   _printf_llo.o
         6          0          0          0          0          0   _printf_llu.o
         6          0          0          0          0          0   _printf_llx.o
       124         16          0          0          0         92   _printf_longlong_dec.o
         6          0          0          0          0          0   _printf_ls.o
         6          0          0          0          0          0   _printf_n.o
         6          0          0          0          0          0   _printf_o.o
       112          8          0          0          0        124   _printf_oct_int_ll.o
         6          0          0          0          0          0   _printf_p.o
        78          0          0          0          0        108   _printf_pad.o
         0          0          0          0          0          0   _printf_percent.o
         4          0          0          0          0          0   _printf_percent_end.o
         6          0          0          0          0          0   _printf_s.o
        82          0          0          0          0         80   _printf_str.o
        36          0          0          0          0         84   _printf_truncate.o
         6          0          0          0          0          0   _printf_u.o
        44          0          0          0          0        108   _printf_wchar.o
       188          6          8          0          0         92   _printf_wctomb.o
         6          0          0          0          0          0   _printf_x.o
        10          0          0          0          0         68   _sputc.o
       228          4        148          0          0         96   bigflt0.o
      1936        128          0          0          0        668   btod.o
        18          0          0          0          0         80   exit.o
         6          0          0          0          0        152   heapauxi.o
         0          0          0          0          0          0   indicate_semi.o
        44         10        272          0          0         76   lc_ctype_c.o
        44         10         28          0          0         76   lc_numeric_c.o
         2          0          0          0          0          0   libinit.o
        30          0          0          0          0          0   libinit2.o
         2          0          0          0          0          0   libshutdown.o
         2          0          0          0          0          0   libshutdown2.o
         8          4          0          0         96         68   libspace.o
       138          0          0          0          0         80   lludiv10.o
        16          4          0          0          0         76   rt_ctype_table.o
         8          4          0          0          0         68   rt_locale_intlibspace.o
         2          0          0          0          0          0   rtexit.o
        10          0          0          0          0          0   rtexit2.o
        44          6          0          0          0         84   sprintf.o
       128          0          0          0          0         68   strcmpv7m.o
        62          0          0          0          0         76   strlen.o
        12          4          0          0          0         68   sys_exit.o
        74          0          0          0          0         80   sys_stackheap_outer.o
         2          0          0          0          0         68   use_no_semi.o
       388         76          0          0          0         96   fdiv.o
        62          4          0          0          0         84   ffixu.o
        86          0          0          0          0        136   fflt_clz.o
       258          4          0          0          0         84   fmul.o
       140          4          0          0          0         84   fnaninf.o
        10          0          0          0          0         68   fretinf.o
         4          0          0          0          0         68   printf1.o
         4          0          0          0          0         68   printf2.o
         0          0          0          0          0          0   usenofp.o
        40          0          0          0          0         68   fpclassify.o

    ----------------------------------------------------------------------
      7822        354        552          0         96       4664   Library Totals
        22          0          1          0          0          0   (incl. Padding)

    ----------------------------------------------------------------------

      Code (inc. data)   RO Data    RW Data    ZI Data      Debug   Library Name

      6808        266        551          0         96       3908   c_w.l
       952         88          0          0          0        688   fz_ws.l
        40          0          0          0          0         68   m_ws.l

    ----------------------------------------------------------------------
      7822        354        552          0         96       4664   Library Totals

    ----------------------------------------------------------------------

==============================================================================


      Code (inc. data)   RO Data    RW Data    ZI Data      Debug   

     12544        380       1368          4       1656      31138   Grand Totals
     12544        380       1368          4       1656      31138   ELF Image Totals
     12544        380       1368          4          0          0   ROM Totals

==============================================================================

    Total RO  Size (Code + RO Data)                13912 (  13.59kB)
    Total RW  Size (RW Data + ZI Data)              1660 (   1.62kB)
    Total ROM Size (Code + RO Data + RW Data)      13916 (  13.59kB)

==============================================================================

